[tensor([[[[-0.9020, -0.9192, -0.8849,  ..., -1.6213, -1.6042, -1.6042],
          [-0.9020, -0.9020, -0.8678,  ..., -1.6042, -1.5870, -1.5870],
          [-0.9192, -0.9192, -0.8507,  ..., -1.6042, -1.5870, -1.5699],
          ...,
          [-0.4739, -0.4568, -0.3883,  ..., -1.5014, -1.5357, -1.5528],
          [-0.5253, -0.4911, -0.4054,  ..., -1.3473, -1.3644, -1.3815],
          [-0.5767, -0.5253, -0.4568,  ..., -1.2445, -1.2445, -1.2617]],

         [[-0.2150, -0.2325, -0.1975,  ..., -1.5280, -1.5105, -1.5105],
          [-0.2150, -0.2150, -0.1800,  ..., -1.5105, -1.4930, -1.4930],
          [-0.2325, -0.2325, -0.1625,  ..., -1.5105, -1.4930, -1.4755],
          ...,
          [-0.3550, -0.3375, -0.2675,  ..., -1.4055, -1.4405, -1.4580],
          [-0.4076, -0.3725, -0.2850,  ..., -1.2479, -1.2654, -1.2829],
          [-0.4601, -0.4076, -0.3375,  ..., -1.1429, -1.1429, -1.1604]],

         [[ 0.5485,  0.5311,  0.5659,  ..., -1.2990, -1.2816, -1.2816],
          [ 0.5485,  0.5485,  0.5834,  ..., -1.2816, -1.2641, -1.2641],
          [ 0.5311,  0.5311,  0.6008,  ..., -1.2816, -1.2641, -1.2467],
          ...,
          [-0.1312, -0.1138, -0.0441,  ..., -1.1770, -1.2119, -1.2293],
          [-0.1835, -0.1487, -0.0615,  ..., -1.0201, -1.0376, -1.0550],
          [-0.2358, -0.1835, -0.1138,  ..., -0.9156, -0.9156, -0.9330]]],


        [[[ 0.2796,  0.2796,  0.2796,  ..., -0.7137, -0.5938, -0.6452],
          [ 0.2796,  0.2796,  0.2796,  ...,  0.0056, -0.0801, -0.2171],
          [ 0.2796,  0.2796,  0.2796,  ..., -0.1143, -0.1486, -0.3198],
          ...,
          [ 1.2728,  1.2043,  0.8961,  ...,  0.3138,  0.2796,  0.1768],
          [ 1.1187,  1.2899,  1.1358,  ...,  0.3481,  0.3138,  0.2624],
          [ 0.4166,  0.7933,  1.3755,  ...,  0.3309,  0.2624,  0.3481]],

         [[ 1.4657,  1.4657,  1.4657,  ..., -0.1275, -0.0749, -0.1800],
          [ 1.4657,  1.4657,  1.4657,  ...,  0.4853,  0.4503,  0.2227],
          [ 1.4657,  1.4657,  1.4657,  ...,  0.2927,  0.3102,  0.0826],
          ...,
          [ 1.2031,  1.1155,  0.7829,  ...,  0.7829,  0.7829,  0.7654],
          [ 1.0630,  1.1681,  1.0105,  ...,  0.7654,  0.8529,  0.7479],
          [ 0.3803,  0.6254,  1.2556,  ...,  0.7479,  0.7129,  0.7654]],

         [[ 2.4134,  2.4134,  2.4134,  ..., -1.0201, -0.8807, -0.9853],
          [ 2.4134,  2.4134,  2.4134,  ..., -0.6541, -0.6367, -0.7587],
          [ 2.4134,  2.4134,  2.4134,  ..., -0.7413, -0.7238, -0.8284],
          ...,
          [ 1.0191,  0.8797,  0.5136,  ..., -0.2358, -0.4973, -0.7238],
          [ 0.9494,  0.9319,  0.7402,  ..., -0.2184, -0.4798, -0.6367],
          [ 0.2696,  0.4614,  0.9842,  ..., -0.3055, -0.4450, -0.4101]]],


        [[[ 0.2282,  0.2282,  0.2111,  ...,  0.3309,  0.3309,  0.3652],
          [ 0.3138,  0.2282,  0.2111,  ...,  0.3823,  0.3309,  0.2967],
          [ 0.2624,  0.2111,  0.2111,  ...,  0.3309,  0.3652,  0.3481],
          ...,
          [-0.7479, -0.6794, -0.8335,  ...,  0.9132,  0.5878,  0.0056],
          [-0.6794, -0.6623, -0.7137,  ...,  0.9303,  0.4508,  0.0569],
          [-0.6965, -0.7479, -0.7479,  ...,  0.3652,  0.2796,  0.1768]],

         [[-0.1625, -0.1625, -0.1800,  ..., -0.0049, -0.0049,  0.0301],
          [-0.0574, -0.1625, -0.1800,  ..., -0.0049, -0.0224, -0.0574],
          [-0.1099, -0.1625, -0.1800,  ..., -0.0574, -0.0224, -0.0049],
          ...,
          [-1.2304, -1.1429, -1.2654,  ...,  0.2752, -0.2850, -1.0728],
          [-1.1604, -1.1429, -1.1954,  ...,  0.3277, -0.4426, -1.0203],
          [-1.1954, -1.2304, -1.1779,  ..., -0.3375, -0.6176, -0.8627]],

         [[ 0.0256,  0.0431,  0.0256,  ...,  0.3219,  0.3045,  0.3393],
          [ 0.0953,  0.0431,  0.0605,  ...,  0.3568,  0.3045,  0.2871],
          [ 0.0431,  0.0082,  0.0256,  ...,  0.3045,  0.3393,  0.3393],
          ...,
          [-1.0201, -0.8981, -0.9678,  ...,  0.1825, -0.3753, -1.1073],
          [-0.9504, -0.9156, -0.9330,  ...,  0.2522, -0.4973, -1.0201],
          [-0.9853, -1.0376, -0.9853,  ..., -0.3404, -0.6541, -0.8807]]],


        ...,


        [[[-0.7479, -0.7308, -0.7308,  ..., -1.1418, -1.1075, -1.0562],
          [-0.7479, -0.7308, -0.7479,  ..., -1.1075, -1.0733, -1.0219],
          [-0.7308, -0.7308, -0.7479,  ..., -0.9363, -0.8849, -0.8164],
          ...,
          [-1.3987, -1.4158, -1.3987,  ..., -1.2103, -1.1932, -1.1760],
          [-1.3644, -1.3644, -1.3473,  ..., -1.0904, -1.1075, -1.1247],
          [-1.3302, -1.3130, -1.2788,  ..., -1.0219, -1.0904, -1.1418]],

         [[-0.9328, -0.9153, -0.9153,  ..., -1.0903, -1.0728, -1.0378],
          [-0.9328, -0.9328, -0.9328,  ..., -1.0728, -1.0553, -1.0203],
          [-0.9328, -0.9328, -0.9328,  ..., -0.9503, -0.9328, -0.8978],
          ...,
          [-1.4755, -1.4755, -1.4580,  ..., -1.1779, -1.2304, -1.2304],
          [-1.4405, -1.4230, -1.4055,  ..., -0.9853, -1.1253, -1.2129],
          [-1.4055, -1.3704, -1.3179,  ..., -0.8627, -1.0903, -1.2304]],

         [[-1.4036, -1.3861, -1.3513,  ..., -1.0724, -1.1073, -1.1421],
          [-1.4036, -1.3861, -1.3513,  ..., -1.0724, -1.1073, -1.1247],
          [-1.3861, -1.3861, -1.3513,  ..., -1.0550, -1.0550, -1.0550],
          ...,
          [-1.4210, -1.4210, -1.4036,  ..., -1.0201, -1.0550, -1.0724],
          [-1.3861, -1.3687, -1.3339,  ..., -0.7413, -0.9156, -1.0027],
          [-1.3339, -1.2816, -1.2467,  ..., -0.5670, -0.8807, -1.0376]]],


        [[[ 1.0502,  1.0502,  1.0502,  ...,  0.5878,  0.6049,  0.5878],
          [ 1.0502,  1.0502,  1.0502,  ...,  0.5878,  0.6049,  0.5878],
          [ 1.0502,  1.0502,  1.0502,  ...,  0.5878,  0.5878,  0.5878],
          ...,
          [-0.4397, -0.3712, -0.1314,  ..., -0.2684, -0.2513, -0.1999],
          [-0.5938, -0.4739, -0.3369,  ..., -0.2342, -0.0972, -0.2171],
          [-0.3541, -0.3369, -0.4054,  ..., -0.1828, -0.1999, -0.2171]],

         [[ 1.2031,  1.2031,  1.2031,  ...,  0.7304,  0.7479,  0.7304],
          [ 1.2031,  1.2031,  1.2031,  ...,  0.7304,  0.7479,  0.7304],
          [ 1.2031,  1.2031,  1.2031,  ...,  0.7304,  0.7304,  0.7304],
          ...,
          [-0.3200, -0.2500, -0.0049,  ..., -0.1450, -0.1275, -0.0749],
          [-0.4776, -0.3550, -0.2150,  ..., -0.1099,  0.0301, -0.0924],
          [-0.2325, -0.2150, -0.2850,  ..., -0.0574, -0.0749, -0.0924]],

         [[ 1.4200,  1.4200,  1.4200,  ...,  0.9494,  0.9668,  0.9494],
          [ 1.4200,  1.4200,  1.4200,  ...,  0.9494,  0.9668,  0.9494],
          [ 1.4200,  1.4200,  1.4200,  ...,  0.9494,  0.9494,  0.9494],
          ...,
          [-0.0964, -0.0267,  0.2173,  ...,  0.0779,  0.0953,  0.1476],
          [-0.2532, -0.1312,  0.0082,  ...,  0.1128,  0.2522,  0.1302],
          [-0.0092,  0.0082, -0.0615,  ...,  0.1651,  0.1476,  0.1302]]],


        [[[-1.7754, -1.7754, -1.6213,  ...,  1.7523,  1.7523,  1.7694],
          [-2.0152, -2.0323, -1.7925,  ...,  1.6838,  1.6838,  1.6838],
          [-2.0152, -2.1179, -1.9638,  ...,  1.5810,  1.6495,  1.6495],
          ...,
          [-0.2513, -0.2856, -0.2856,  ..., -0.9192, -1.0390, -1.0904],
          [-0.2342, -0.2513, -0.3027,  ..., -0.7993, -0.7993, -0.9020],
          [-0.2513, -0.2856, -0.3541,  ..., -0.8678, -0.8335, -1.0390]],

         [[-1.6155, -1.5630, -1.3179,  ...,  2.2010,  2.2010,  2.2185],
          [-1.6681, -1.6331, -1.3880,  ...,  2.1835,  2.1310,  2.1835],
          [-1.5980, -1.6856, -1.4755,  ...,  2.1835,  2.1835,  2.1835],
          ...,
          [-0.0749, -0.0924, -0.1450,  ..., -0.1099, -0.1275, -0.2325],
          [-0.0574, -0.1099, -0.1625,  ..., -0.1275, -0.0399, -0.1275],
          [-0.0749, -0.1275, -0.1800,  ..., -0.1275, -0.0224, -0.1800]],

         [[-1.5256, -1.6302, -1.5256,  ...,  2.6400,  2.6400,  2.6400],
          [-1.6127, -1.6824, -1.6302,  ...,  2.6400,  2.6400,  2.6400],
          [-1.5779, -1.6824, -1.6650,  ...,  2.6400,  2.6400,  2.6400],
          ...,
          [ 0.3219,  0.3742,  0.3916,  ..., -1.4036, -1.3687, -1.4384],
          [ 0.3393,  0.3916,  0.3742,  ..., -1.3339, -1.2293, -1.2641],
          [ 0.3219,  0.3742,  0.3393,  ..., -1.3687, -1.2467, -1.2990]]]]), tensor([[[[ 1.6667,  1.5982,  1.4612,  ...,  0.0569,  0.0569,  0.0398],
          [ 1.5982,  1.5639,  1.4612,  ...,  0.0569,  0.0569,  0.0398],
          [ 1.5125,  1.4954,  1.4954,  ...,  0.0569,  0.0398,  0.0398],
          ...,
          [-1.2788, -1.2788, -1.2959,  ..., -0.4054, -1.0904, -1.5185],
          [-1.1075, -1.1075, -1.1247,  ..., -0.1828, -0.8335, -1.2617],
          [-0.9877, -0.9877, -1.0048,  ..., -0.0116, -0.6794, -1.0733]],

         [[ 2.4286,  2.4286,  2.3235,  ...,  2.0084,  2.0084,  1.9909],
          [ 2.4286,  2.4111,  2.2885,  ...,  2.0084,  2.0084,  1.9909],
          [ 2.3410,  2.3060,  2.2185,  ...,  2.0084,  1.9909,  1.9734],
          ...,
          [-1.1779, -1.1779, -1.1954,  ..., -0.1099, -0.8978, -1.4230],
          [-1.0028, -1.0028, -1.0203,  ...,  0.1176, -0.6352, -1.1604],
          [-0.8803, -0.8803, -0.8978,  ...,  0.2927, -0.4776, -0.9678]],

         [[ 2.4308,  2.4831,  2.3786,  ...,  2.2391,  2.2043,  2.1346],
          [ 2.4657,  2.5006,  2.3437,  ...,  2.2391,  2.2043,  2.1346],
          [ 2.3960,  2.3611,  2.2566,  ...,  2.2391,  2.1868,  2.1171],
          ...,
          [-0.9504, -0.9504, -0.9678,  ..., -0.0092, -0.7587, -1.1944],
          [-0.7761, -0.7761, -0.7936,  ...,  0.1999, -0.4798, -0.9330],
          [-0.6541, -0.6541, -0.6715,  ...,  0.3219, -0.3230, -0.7413]]],


        [[[-1.6213, -1.7069, -1.7240,  ...,  0.6392,  0.6392,  0.6392],
          [-1.3815, -1.5699, -1.6384,  ...,  0.6221,  0.6392,  0.6392],
          [-0.8678, -1.1075, -1.1760,  ...,  0.6392,  0.6392,  0.6392],
          ...,
          [-1.1418, -0.9705, -1.0219,  ...,  0.9132,  0.6734,  0.6563],
          [-0.9020, -0.6452, -0.6794,  ...,  0.9132,  0.6392,  0.6734],
          [-0.5767, -0.3369, -0.2856,  ...,  1.1700,  1.0159,  1.0502]],

         [[-1.4755, -1.5630, -1.5280,  ...,  1.3256,  1.3256,  1.3256],
          [-1.1954, -1.3880, -1.4055,  ...,  1.3081,  1.3256,  1.3256],
          [-0.6176, -0.8452, -0.8452,  ...,  1.3256,  1.3256,  1.3256],
          ...,
          [-0.7752, -0.6176, -0.6352,  ...,  0.9230,  0.7129,  0.7129],
          [-0.4426, -0.2500, -0.3375,  ...,  0.9930,  0.6954,  0.6954],
          [-0.1975,  0.0126,  0.0301,  ...,  1.2731,  1.0805,  1.0805]],

         [[-1.1770, -1.3164, -1.2990,  ...,  2.3437,  2.3437,  2.3437],
          [-1.0376, -1.2119, -1.2641,  ...,  2.3263,  2.3437,  2.3437],
          [-0.7064, -0.9156, -0.9504,  ...,  2.3437,  2.3437,  2.3437],
          ...,
          [-1.2467, -1.1073, -1.0898,  ...,  0.7751,  0.6356,  0.6879],
          [-1.0898, -0.8981, -0.9156,  ...,  0.7925,  0.6008,  0.6705],
          [-0.9156, -0.7587, -0.7587,  ...,  1.0714,  0.9668,  1.0191]]],


        [[[ 1.2385,  1.1872,  1.0844,  ...,  2.1119,  2.0948,  2.0948],
          [ 1.2557,  1.2043,  1.1015,  ...,  2.1119,  2.1119,  2.1119],
          [ 1.2899,  1.2214,  1.1358,  ...,  2.1290,  2.1290,  2.1290],
          ...,
          [ 0.7762,  0.7933,  0.8447,  ...,  0.7933,  0.9474,  0.9817],
          [ 0.5878,  0.6221,  0.7077,  ...,  0.6734,  0.8104,  0.8276],
          [ 0.4851,  0.5193,  0.6049,  ...,  0.6049,  0.7248,  0.7248]],

         [[ 1.5182,  1.4132,  1.2731,  ...,  2.3060,  2.3060,  2.3060],
          [ 1.5357,  1.4307,  1.2906,  ...,  2.3060,  2.3060,  2.3060],
          [ 1.5532,  1.4657,  1.3256,  ...,  2.3060,  2.3060,  2.3060],
          ...,
          [ 0.1527,  0.1877,  0.2402,  ...,  0.7829,  0.9405,  1.0105],
          [-0.0574, -0.0224,  0.0651,  ...,  0.6078,  0.7479,  0.8004],
          [-0.2150, -0.1625, -0.0574,  ...,  0.5203,  0.6429,  0.6779]],

         [[ 2.0648,  1.9777,  1.8557,  ...,  2.5180,  2.5180,  2.5180],
          [ 2.0823,  1.9951,  1.8731,  ...,  2.5180,  2.5180,  2.5180],
          [ 2.1171,  2.0125,  1.8905,  ...,  2.5180,  2.5180,  2.5180],
          ...,
          [ 0.3045,  0.3393,  0.3916,  ...,  1.4897,  1.6117,  1.6640],
          [ 0.0779,  0.1128,  0.1825,  ...,  1.3328,  1.4374,  1.4722],
          [-0.0615, -0.0441,  0.0256,  ...,  1.2457,  1.3328,  1.3328]]],


        ...,


        [[[ 0.1083,  0.0569, -0.0287,  ...,  1.3584,  1.5982,  1.7352],
          [ 0.1254,  0.0912, -0.0116,  ...,  1.3413,  1.5639,  1.6667],
          [ 0.1597,  0.1083,  0.0227,  ...,  1.3242,  1.5125,  1.5639],
          ...,
          [-0.7993, -0.7822, -0.7479,  ..., -0.1828, -0.1828, -0.1828],
          [-0.7650, -0.7479, -0.7137,  ..., -0.1828, -0.1657, -0.1657],
          [-0.7479, -0.7308, -0.6965,  ..., -0.1657, -0.1486, -0.1486]],

         [[ 0.2577,  0.2052,  0.1001,  ...,  1.2556,  1.5882,  1.7633],
          [ 0.2752,  0.2402,  0.1176,  ...,  1.2731,  1.5532,  1.7108],
          [ 0.3102,  0.2752,  0.1702,  ...,  1.3081,  1.5007,  1.5882],
          ...,
          [-0.8627, -0.8452, -0.8102,  ..., -0.6176, -0.6001, -0.6001],
          [-0.8452, -0.8102, -0.7752,  ..., -0.6176, -0.6001, -0.5826],
          [-0.8277, -0.7927, -0.7577,  ..., -0.6176, -0.5826, -0.5651]],

         [[ 0.5485,  0.4788,  0.3219,  ...,  1.4200,  1.7337,  1.9080],
          [ 0.5659,  0.4962,  0.3568,  ...,  1.4374,  1.6988,  1.8383],
          [ 0.5834,  0.5485,  0.4091,  ...,  1.4548,  1.6291,  1.7163],
          ...,
          [-0.8284, -0.8110, -0.7761,  ..., -0.8633, -0.8633, -0.8633],
          [-0.7936, -0.7761, -0.7413,  ..., -0.8981, -0.8807, -0.8807],
          [-0.7587, -0.7413, -0.7064,  ..., -0.8981, -0.8633, -0.8633]]],


        [[[ 2.1633,  2.1804,  2.1804,  ...,  0.7933,  0.8618,  0.8618],
          [ 2.1633,  2.2318,  2.2318,  ...,  0.8789,  0.8789,  0.8618],
          [ 2.1804,  2.2489,  2.2489,  ...,  0.8961,  0.8618,  0.8447],
          ...,
          [ 0.9646,  1.0673,  1.3584,  ...,  1.2728,  1.4783,  1.5297],
          [ 0.9817,  0.8789,  0.9132,  ...,  1.3413,  1.5297,  1.6495],
          [ 1.1872,  0.8961,  0.9988,  ...,  1.4098,  1.4612,  1.5810]],

         [[ 2.4111,  2.4111,  2.4111,  ...,  1.6583,  1.6583,  1.6583],
          [ 2.4111,  2.4286,  2.4286,  ...,  1.6583,  1.6933,  1.6583],
          [ 2.4111,  2.4286,  2.4286,  ...,  1.7108,  1.6933,  1.6758],
          ...,
          [ 0.9930,  1.1331,  1.4657,  ...,  1.3256,  1.5532,  1.6583],
          [ 1.1155,  0.9930,  0.9405,  ...,  1.4132,  1.6057,  1.7458],
          [ 1.3081,  1.0105,  1.1155,  ...,  1.5882,  1.5532,  1.6408]],

         [[ 2.6400,  2.6400,  2.6400,  ...,  2.6400,  2.6400,  2.6400],
          [ 2.6400,  2.6400,  2.6400,  ...,  2.6400,  2.6400,  2.6400],
          [ 2.6400,  2.6400,  2.6400,  ...,  2.6400,  2.6400,  2.6400],
          ...,
          [ 1.2980,  1.3502,  1.6291,  ...,  1.3677,  1.5071,  1.5594],
          [ 1.2631,  1.1759,  1.2108,  ...,  1.4200,  1.5245,  1.6291],
          [ 1.4722,  1.1411,  1.1759,  ...,  1.5071,  1.5420,  1.6814]]],


        [[[-0.4226, -0.4226, -0.4226,  ..., -0.4568, -0.4568, -0.4568],
          [-0.4226, -0.4226, -0.4226,  ..., -0.4568, -0.4568, -0.4568],
          [-0.4397, -0.4397, -0.4226,  ..., -0.4568, -0.4568, -0.4568],
          ...,
          [-1.1247, -1.1247, -1.1418,  ..., -1.0219, -1.0219, -1.0219],
          [-1.1247, -1.1247, -1.1418,  ..., -1.0219, -1.0219, -1.0219],
          [-1.1075, -1.1247, -1.1418,  ..., -1.0390, -1.0390, -1.0390]],

         [[-0.0399, -0.0399, -0.0399,  ..., -0.0749, -0.0749, -0.0924],
          [-0.0574, -0.0574, -0.0399,  ..., -0.0749, -0.0749, -0.0749],
          [-0.0574, -0.0574, -0.0574,  ..., -0.0749, -0.0749, -0.0749],
          ...,
          [-0.8452, -0.8452, -0.8627,  ..., -0.8627, -0.8627, -0.8452],
          [-0.8277, -0.8277, -0.8452,  ..., -0.8627, -0.8627, -0.8627],
          [-0.8102, -0.8277, -0.8277,  ..., -0.8627, -0.8627, -0.8627]],

         [[ 0.4439,  0.4439,  0.4439,  ...,  0.4265,  0.4265,  0.4265],
          [ 0.4265,  0.4265,  0.4265,  ...,  0.4091,  0.4265,  0.4265],
          [ 0.4265,  0.4265,  0.4265,  ...,  0.4091,  0.4091,  0.4091],
          ...,
          [-1.2293, -1.2119, -1.2119,  ..., -0.5844, -0.6018, -0.6018],
          [-1.2119, -1.2119, -1.2293,  ..., -0.5844, -0.6018, -0.6018],
          [-1.2119, -1.2293, -1.2467,  ..., -0.6018, -0.6193, -0.6193]]]])]
tensor([14, 11,  1,  2,  2,  2,  1, 21,  1, 17,  2,  6,  0,  2,  1, 20,  7, 18,
         0,  1,  2, 15, 11,  1,  1,  4, 21,  2, 17,  2, 21, 17,  0,  1, 17,  2,
        16, 18, 21, 17,  1,  0, 15, 12, 14,  1, 21, 18,  9,  3, 17, 21,  9, 21,
         8,  3, 14, 17,  5, 11,  1,  0,  1, 21,  1,  7, 11, 11,  2,  0,  1,  2,
        18,  2, 11, 11,  2, 21, 11, 20, 16,  4,  7, 17, 17, 17,  1,  2, 18, 17,
         1,  1, 17, 12, 21,  2, 18, 17,  1,  0, 11,  2,  1, 17,  0,  1,  4,  1,
         2,  2, 18, 14, 18, 15, 12,  0,  4, 12, 11, 17,  8, 15,  1, 17,  8,  2,
         4,  2])
[tensor([[[[ 2.0948,  2.0948,  2.0948,  ...,  0.6221,  0.6392,  0.5878],
          [ 2.0948,  2.0948,  2.0948,  ...,  0.5878,  0.5878,  0.5878],
          [ 2.0948,  2.1119,  2.1119,  ...,  0.5878,  0.5878,  0.5878],
          ...,
          [-2.1179, -2.1179, -2.1179,  ..., -1.1247, -1.1075, -1.1247],
          [-2.1179, -2.1179, -2.1179,  ..., -1.2274, -1.1418, -1.1075],
          [-2.1179, -2.1179, -2.1179,  ..., -1.2445, -1.1247, -1.0390]],

         [[ 2.4111,  2.4111,  2.4111,  ...,  1.4307,  1.4482,  1.4657],
          [ 2.4111,  2.4111,  2.4111,  ...,  1.4657,  1.4657,  1.4657],
          [ 2.4111,  2.4111,  2.4111,  ...,  1.4657,  1.4657,  1.4657],
          ...,
          [-2.0357, -2.0357, -2.0357,  ..., -0.9328, -0.9678, -1.0028],
          [-2.0357, -2.0357, -2.0357,  ..., -1.0903, -1.0028, -0.9153],
          [-2.0357, -2.0357, -2.0357,  ..., -1.0553, -0.9678, -0.8277]],

         [[ 2.6226,  2.6226,  2.6226,  ...,  2.3263,  2.3437,  2.3437],
          [ 2.6226,  2.6226,  2.6226,  ...,  2.3437,  2.3437,  2.3786],
          [ 2.6226,  2.6226,  2.6226,  ...,  2.3437,  2.3437,  2.3437],
          ...,
          [-1.8044, -1.8044, -1.8044,  ..., -0.6193, -0.6018, -0.6367],
          [-1.8044, -1.8044, -1.8044,  ..., -0.7587, -0.6367, -0.5495],
          [-1.8044, -1.8044, -1.8044,  ..., -0.7238, -0.5844, -0.4624]]],


        [[[-1.5185, -1.5185, -1.5014,  ..., -0.6623, -0.7137, -0.7137],
          [-1.5014, -1.5014, -1.5014,  ..., -0.6794, -0.7308, -0.7479],
          [-1.4843, -1.4843, -1.5014,  ..., -0.6965, -0.7308, -0.7479],
          ...,
          [ 1.3927,  1.5125,  1.2728,  ..., -1.8097, -1.7925, -1.8097],
          [ 1.6153,  1.2899,  0.8618,  ..., -1.7925, -1.7925, -1.8097],
          [ 1.5639,  0.7419,  1.3242,  ..., -1.7583, -1.7754, -1.8097]],

         [[-1.6681, -1.6681, -1.6856,  ..., -1.0378, -1.0553, -1.0553],
          [-1.6856, -1.6856, -1.6856,  ..., -1.0203, -1.0553, -1.0728],
          [-1.6681, -1.6681, -1.6856,  ..., -1.0378, -1.0728, -1.0903],
          ...,
          [ 1.5707,  1.7283,  1.4832,  ..., -1.7031, -1.6856, -1.7206],
          [ 1.7983,  1.5007,  1.0455,  ..., -1.6856, -1.6856, -1.7031],
          [ 1.7808,  0.9580,  1.4832,  ..., -1.6856, -1.7031, -1.7381]],

         [[-1.4559, -1.4559, -1.4559,  ..., -1.2467, -1.2990, -1.2990],
          [-1.4559, -1.4559, -1.4559,  ..., -1.2816, -1.3513, -1.3513],
          [-1.4384, -1.4384, -1.4559,  ..., -1.2816, -1.3339, -1.3164],
          ...,
          [ 1.9080,  2.0474,  1.8208,  ..., -1.5604, -1.5430, -1.5430],
          [ 2.0997,  1.8557,  1.4548,  ..., -1.5604, -1.5604, -1.5604],
          [ 2.1171,  1.3328,  1.8557,  ..., -1.5256, -1.5430, -1.5779]]],


        [[[ 0.6221,  0.6221,  0.6221,  ..., -0.4911,  0.5364,  0.8104],
          [ 0.6221,  0.6392,  0.6734,  ..., -0.8507, -0.0116,  0.1426],
          [ 0.6392,  0.6563,  0.6563,  ..., -0.5767,  0.4508,  0.6049],
          ...,
          [-0.1314, -0.2171, -0.3541,  ..., -0.6965, -0.6281, -0.6452],
          [-0.4397, -0.1828,  0.0227,  ..., -0.6452, -0.7137, -0.7822],
          [-0.6109, -0.3198, -0.2856,  ..., -0.6623, -0.7479, -0.7479]],

         [[ 0.7654,  0.7654,  0.7654,  ..., -0.3725,  0.6779,  0.9580],
          [ 0.7654,  0.7829,  0.8179,  ..., -0.7402,  0.1176,  0.2752],
          [ 0.7829,  0.8004,  0.8004,  ..., -0.4601,  0.5903,  0.7479],
          ...,
          [-0.0049, -0.0924, -0.2325,  ..., -0.5826, -0.5126, -0.5301],
          [-0.3200, -0.0574,  0.1527,  ..., -0.5301, -0.6001, -0.6702],
          [-0.4951, -0.1975, -0.1625,  ..., -0.5476, -0.6352, -0.6352]],

         [[ 0.9842,  0.9842,  0.9842,  ..., -0.1487,  0.8971,  1.1759],
          [ 0.9842,  1.0017,  1.0365,  ..., -0.5147,  0.3393,  0.4962],
          [ 1.0017,  1.0191,  1.0191,  ..., -0.2358,  0.8099,  0.9668],
          ...,
          [ 0.2173,  0.1302, -0.0092,  ..., -0.3578, -0.2881, -0.3055],
          [-0.0964,  0.1651,  0.3742,  ..., -0.3055, -0.3753, -0.4450],
          [-0.2707,  0.0256,  0.0605,  ..., -0.3230, -0.4101, -0.4101]]],


        ...,


        [[[-1.2103, -1.0733, -0.9020,  ..., -1.5014, -1.5185, -1.5185],
          [-1.0904, -1.0219, -0.9877,  ..., -1.5528, -1.5528, -1.5185],
          [-0.9192, -0.9534, -1.0390,  ..., -1.5870, -1.5699, -1.5185],
          ...,
          [-1.5870, -1.6213, -1.6042,  ...,  0.3994,  0.2967,  0.1768],
          [-1.6213, -1.5870, -1.5699,  ...,  0.2111,  0.1083,  0.0227],
          [-1.6384, -1.5870, -1.5699,  ...,  0.0569, -0.0458, -0.1143]],

         [[-0.9678, -0.8803, -0.7227,  ..., -1.2829, -1.2829, -1.2479],
          [-0.8978, -0.8452, -0.7927,  ..., -1.3004, -1.3004, -1.2654],
          [-0.7752, -0.7927, -0.8452,  ..., -1.3704, -1.3529, -1.3179],
          ...,
          [-1.4930, -1.5280, -1.5105,  ..., -0.7752, -0.7927, -0.7927],
          [-1.5280, -1.4930, -1.4755,  ..., -0.8277, -0.8277, -0.8102],
          [-1.5455, -1.4930, -1.4755,  ..., -0.8803, -0.8803, -0.8627]],

         [[-0.6193, -0.5147, -0.3753,  ..., -1.0550, -1.0724, -1.0376],
          [-0.5495, -0.5147, -0.4798,  ..., -1.0898, -1.0898, -1.0550],
          [-0.4624, -0.4624, -0.5670,  ..., -1.1247, -1.1247, -1.0898],
          ...,
          [-1.3861, -1.3687, -1.3339,  ..., -1.7870, -1.7870, -1.7696],
          [-1.3687, -1.3339, -1.3164,  ..., -1.7870, -1.7696, -1.7173],
          [-1.3687, -1.3513, -1.3339,  ..., -1.7870, -1.7173, -1.6650]]],


        [[[ 1.6495,  1.6495,  1.6667,  ...,  1.3755,  1.3584,  1.3584],
          [ 1.6667,  1.6667,  1.6838,  ...,  1.3755,  1.3755,  1.3755],
          [ 1.6838,  1.6838,  1.7009,  ...,  1.3927,  1.4098,  1.4098],
          ...,
          [ 1.2728,  1.2899,  1.2899,  ...,  0.1426,  0.1254,  0.1254],
          [ 1.3927,  1.3927,  1.4098,  ...,  0.1768,  0.1597,  0.1426],
          [ 1.4440,  1.4440,  1.4612,  ...,  0.1939,  0.1768,  0.1597]],

         [[ 1.1856,  1.2031,  1.2206,  ...,  0.5553,  0.5728,  0.5728],
          [ 1.2031,  1.2206,  1.2381,  ...,  0.5728,  0.5903,  0.6078],
          [ 1.2206,  1.2381,  1.2556,  ...,  0.6078,  0.6254,  0.6254],
          ...,
          [ 0.6078,  0.5903,  0.5903,  ..., -0.6176, -0.6176, -0.6352],
          [ 0.7304,  0.7304,  0.7304,  ..., -0.5826, -0.5826, -0.6001],
          [ 0.7829,  0.7829,  0.8004,  ..., -0.5651, -0.5651, -0.5826]],

         [[ 1.2282,  1.2282,  1.2457,  ...,  0.2871,  0.3045,  0.3045],
          [ 1.2457,  1.2457,  1.2631,  ...,  0.3045,  0.3219,  0.3393],
          [ 1.2631,  1.2631,  1.2805,  ...,  0.3393,  0.3568,  0.3568],
          ...,
          [ 0.6879,  0.6705,  0.6531,  ..., -0.4798, -0.4973, -0.4973],
          [ 0.8448,  0.8274,  0.8099,  ..., -0.4450, -0.4624, -0.4798],
          [ 0.9145,  0.8971,  0.8797,  ..., -0.4275, -0.4450, -0.4624]]],


        [[[ 1.0502,  1.0502,  1.0502,  ...,  0.9132,  0.9303,  0.9474],
          [ 1.0502,  1.0502,  1.0502,  ...,  0.9303,  0.9303,  0.9303],
          [ 1.0502,  1.0502,  1.0502,  ...,  0.9303,  0.9303,  0.9303],
          ...,
          [-1.5185, -1.4329, -1.2959,  ...,  0.2111,  0.0741, -0.0116],
          [-1.6042, -1.5185, -1.3815,  ...,  0.2624,  0.1597,  0.0912],
          [-1.6384, -1.5699, -1.4329,  ...,  0.2967,  0.2111,  0.1597]],

         [[ 1.3957,  1.3957,  1.4132,  ...,  1.2381,  1.2381,  1.2381],
          [ 1.4132,  1.4132,  1.4132,  ...,  1.2381,  1.2381,  1.2381],
          [ 1.4307,  1.4307,  1.4132,  ...,  1.2556,  1.2556,  1.2556],
          ...,
          [-1.5630, -1.4755, -1.3179,  ...,  0.5553,  0.4328,  0.3803],
          [-1.6681, -1.5805, -1.4405,  ...,  0.6254,  0.5203,  0.4853],
          [-1.7206, -1.6331, -1.5105,  ...,  0.6604,  0.5903,  0.5728]],

         [[ 2.6400,  2.6400,  2.6400,  ...,  2.6400,  2.6400,  2.6400],
          [ 2.6400,  2.6400,  2.6400,  ...,  2.6400,  2.6400,  2.6400],
          [ 2.6400,  2.6400,  2.6400,  ...,  2.6400,  2.6400,  2.6400],
          ...,
          [-1.3861, -1.3513, -1.2990,  ..., -0.3927, -0.4624, -0.5321],
          [-1.3861, -1.3687, -1.3164,  ..., -0.3404, -0.4101, -0.4624],
          [-1.3687, -1.3513, -1.3164,  ..., -0.3230, -0.3753, -0.4101]]]]), tensor([[[[ 0.6734,  0.6906,  0.7077,  ...,  1.8208,  1.8208,  1.8208],
          [ 0.6734,  0.6906,  0.6906,  ...,  1.8208,  1.8208,  1.8208],
          [ 0.6734,  0.6906,  0.6906,  ...,  1.8208,  1.8208,  1.8208],
          ...,
          [ 0.1254,  0.0912,  0.0398,  ...,  0.6563,  0.6563,  0.7077],
          [ 0.0741,  0.0569,  0.0227,  ...,  0.5707,  0.6049,  0.6221],
          [ 0.0741,  0.0569,  0.0569,  ...,  0.5364,  0.5536,  0.5536]],

         [[ 1.3431,  1.3256,  1.3256,  ...,  1.9909,  1.9909,  1.9909],
          [ 1.3431,  1.3431,  1.3431,  ...,  1.9909,  1.9909,  1.9909],
          [ 1.3431,  1.3431,  1.3431,  ...,  1.9909,  1.9909,  1.9909],
          ...,
          [ 0.1527,  0.1527,  0.1527,  ...,  0.7129,  0.7654,  0.8004],
          [ 0.1527,  0.1702,  0.1527,  ...,  0.6779,  0.7129,  0.6954],
          [ 0.1527,  0.1352,  0.1702,  ...,  0.6779,  0.6779,  0.6779]],

         [[ 2.2043,  2.2043,  2.2043,  ...,  2.2043,  2.2043,  2.2043],
          [ 2.2043,  2.2043,  2.2043,  ...,  2.2043,  2.2043,  2.2043],
          [ 2.2043,  2.2043,  2.2043,  ...,  2.2043,  2.2043,  2.2043],
          ...,
          [ 0.4962,  0.4614,  0.4265,  ...,  0.8448,  0.8971,  0.9145],
          [ 0.4788,  0.4439,  0.3916,  ...,  0.8274,  0.8099,  0.8448],
          [ 0.4265,  0.3916,  0.4091,  ...,  0.8274,  0.8274,  0.8274]]],


        [[[-0.3712, -0.4054, -0.4226,  ..., -0.8164, -0.8335, -0.8164],
          [-0.3883, -0.4054, -0.4054,  ..., -0.8164, -0.8335, -0.8335],
          [-0.3712, -0.3883, -0.4054,  ..., -0.8164, -0.8335, -0.8335],
          ...,
          [ 1.2043,  1.2214,  1.2385,  ...,  1.6324,  1.6324,  1.6324],
          [ 1.1872,  1.2043,  1.2214,  ...,  1.6324,  1.6324,  1.6324],
          [ 1.1529,  1.1700,  1.2043,  ...,  1.5297,  1.6324,  1.6324]],

         [[-0.4951, -0.4601, -0.4951,  ..., -0.9328, -0.9328, -0.9328],
          [-0.5301, -0.5126, -0.5476,  ..., -0.9328, -0.9328, -0.9328],
          [-0.4951, -0.4951, -0.5126,  ..., -0.9328, -0.9328, -0.9328],
          ...,
          [ 1.3606,  1.3782,  1.3957,  ...,  1.7983,  1.7983,  1.7983],
          [ 1.3256,  1.3431,  1.3606,  ...,  1.7983,  1.7983,  1.7983],
          [ 1.2906,  1.3081,  1.3431,  ...,  1.7983,  1.7983,  1.7983]],

         [[-0.4624, -0.4275, -0.4101,  ..., -0.7413, -0.7064, -0.7064],
          [-0.4624, -0.4450, -0.4275,  ..., -0.7413, -0.7413, -0.7413],
          [-0.4101, -0.4101, -0.3753,  ..., -0.7413, -0.7413, -0.7413],
          ...,
          [ 1.6465,  1.6465,  1.6640,  ...,  2.0125,  2.0125,  2.0125],
          [ 1.6465,  1.6465,  1.6640,  ...,  2.0125,  2.0125,  2.0125],
          [ 1.6117,  1.6117,  1.6465,  ...,  2.0125,  2.0125,  2.0125]]],


        [[[ 1.2043,  1.0673,  1.1872,  ...,  1.2043,  0.6906,  0.3138],
          [ 1.1700,  1.1529,  1.2899,  ...,  0.9988, -0.3541, -0.2513],
          [ 0.8447,  0.9132,  0.9474,  ...,  0.2453, -0.7993, -0.9192],
          ...,
          [-0.6794, -0.7822, -0.7137,  ..., -0.7822, -0.8335, -0.8849],
          [ 0.3823,  0.3652,  0.3481,  ...,  0.3481,  0.3823,  0.3652],
          [-0.7650, -0.7993, -0.7650,  ..., -0.9363, -0.8164, -0.8335]],

         [[ 0.4328,  0.4153,  0.4153,  ...,  0.2052,  0.3978,  0.2227],
          [ 0.4153,  0.4678,  0.3978,  ...,  0.2927, -0.4776, -0.2675],
          [ 0.2227,  0.2577,  0.1527,  ..., -0.3550, -0.8452, -0.8803],
          ...,
          [-0.5476, -0.6527, -0.6352,  ..., -0.8102, -0.8452, -0.8803],
          [ 0.4678,  0.4503,  0.4153,  ...,  0.4328,  0.4503,  0.4328],
          [-0.7052, -0.7402, -0.7227,  ..., -0.8277, -0.7402, -0.7752]],

         [[-0.4450, -0.5147, -0.2707,  ..., -0.3927, -0.0441, -0.1835],
          [-0.6715, -0.7761, -0.5495,  ..., -0.4450, -0.8981, -0.4798],
          [-1.1770, -1.2293, -0.9853,  ..., -1.1073, -1.1247, -0.8110],
          ...,
          [-0.6018, -0.7064, -0.6018,  ..., -0.7587, -0.7936, -0.8458],
          [ 0.4962,  0.4614,  0.5311,  ...,  0.5136,  0.5659,  0.5485],
          [-0.7413, -0.8110, -0.6541,  ..., -0.8110, -0.6715, -0.6715]]],


        ...,


        [[[-1.4672, -1.4329, -1.3815,  ..., -1.1075, -1.1418, -1.1589],
          [-1.4500, -1.4329, -1.3987,  ..., -1.0562, -1.0733, -1.0904],
          [-1.4500, -1.4329, -1.4158,  ..., -0.9877, -1.0048, -1.0219],
          ...,
          [-1.5014, -1.5014, -1.5357,  ..., -0.7308, -0.7822, -0.8164],
          [-1.4158, -1.4329, -1.4500,  ..., -0.7650, -0.8335, -0.8678],
          [-1.3473, -1.3644, -1.3987,  ..., -0.7993, -0.8507, -0.9020]],

         [[-1.2654, -1.2304, -1.1779,  ..., -1.0553, -1.0553, -1.0728],
          [-1.2479, -1.2304, -1.1954,  ..., -1.0028, -1.0028, -1.0203],
          [-1.2479, -1.2304, -1.2129,  ..., -0.9328, -0.9328, -0.9328],
          ...,
          [-1.4230, -1.4405, -1.4580,  ..., -0.7227, -0.7752, -0.7927],
          [-1.3529, -1.3704, -1.4055,  ..., -0.7577, -0.8102, -0.8277],
          [-1.2829, -1.3179, -1.3529,  ..., -0.7752, -0.8277, -0.8627]],

         [[-1.2467, -1.2467, -1.2467,  ..., -0.8981, -0.9156, -0.9330],
          [-1.2467, -1.2467, -1.2467,  ..., -0.8807, -0.8807, -0.8981],
          [-1.2467, -1.2467, -1.2641,  ..., -0.8458, -0.8458, -0.8633],
          ...,
          [-1.4210, -1.4384, -1.4733,  ..., -1.2990, -1.3339, -1.3687],
          [-1.3861, -1.4210, -1.4733,  ..., -1.2816, -1.3164, -1.3513],
          [-1.3687, -1.4036, -1.4733,  ..., -1.2641, -1.3164, -1.3513]]],


        [[[ 0.8276,  0.8618,  0.8789,  ...,  0.7591,  0.7248,  0.7248],
          [ 0.8618,  0.8961,  0.8618,  ...,  0.7248,  0.7248,  0.7419],
          [ 0.8276,  0.6906,  0.2282,  ...,  0.7248,  0.7248,  0.7419],
          ...,
          [-0.7650, -0.4568, -0.2171,  ..., -0.9020, -0.8849, -0.8678],
          [-2.0665, -1.9809, -1.8439,  ..., -0.9705, -0.9020, -0.9192],
          [-2.1179, -2.1179, -2.1179,  ..., -0.9192, -0.9877, -1.0048]],

         [[ 0.5028,  0.5028,  0.5378,  ...,  0.2227,  0.2052,  0.1527],
          [ 0.4853,  0.5028,  0.4328,  ...,  0.2227,  0.1702,  0.1877],
          [ 0.4328,  0.2227, -0.2850,  ...,  0.1877,  0.2052,  0.2752],
          ...,
          [-1.6681, -1.5280, -1.3880,  ..., -1.4580, -1.4230, -1.4230],
          [-2.0357, -2.0357, -2.0357,  ..., -1.4930, -1.4405, -1.4405],
          [-2.0357, -2.0357, -2.0357,  ..., -1.4405, -1.4930, -1.4930]],

         [[ 0.5311,  0.5311,  0.5659,  ...,  0.0605,  0.0256,  0.0431],
          [ 0.4962,  0.5485,  0.5136,  ...,  0.0779,  0.0256,  0.0953],
          [ 0.4788,  0.3219, -0.2010,  ...,  0.0605,  0.0953,  0.1476],
          ...,
          [-1.5953, -1.5430, -1.4210,  ..., -1.0027, -1.0201, -1.0550],
          [-1.8044, -1.8044, -1.8044,  ..., -1.0550, -1.0550, -1.0550],
          [-1.8044, -1.8044, -1.7870,  ..., -0.9330, -1.0027, -1.0027]]],


        [[[ 0.2796,  0.2282,  0.1768,  ...,  0.2967,  0.2282,  0.2282],
          [ 0.2624,  0.2624,  0.2624,  ...,  0.2967,  0.2967,  0.2967],
          [ 0.2967,  0.2967,  0.3138,  ...,  0.3823,  0.3652,  0.3481],
          ...,
          [-2.0665, -1.9638, -2.0837,  ...,  0.1083, -0.3198, -0.3541],
          [-1.7069, -1.9809, -2.0665,  ..., -0.0801, -0.6109, -0.3369],
          [-1.6898, -1.9124, -1.4672,  ..., -0.4397, -0.8507, -0.5424]],

         [[ 1.3256,  1.3256,  1.3256,  ...,  1.2906,  1.3081,  1.3256],
          [ 1.3081,  1.3081,  1.3431,  ...,  1.3431,  1.3431,  1.3256],
          [ 1.3256,  1.3256,  1.3606,  ...,  1.3957,  1.3957,  1.3782],
          ...,
          [-1.8606, -1.6155, -1.5980,  ...,  0.1176, -0.1625, -0.0924],
          [-1.2479, -1.5980, -1.6681,  ...,  0.0126, -0.4251, -0.0224],
          [-1.3529, -1.5105, -0.9678,  ..., -0.4601, -0.8627, -0.4076]],

         [[ 2.5006,  2.4831,  2.4831,  ...,  2.4831,  2.4831,  2.4831],
          [ 2.4308,  2.4831,  2.5354,  ...,  2.4831,  2.4831,  2.4657],
          [ 2.4483,  2.4831,  2.5354,  ...,  2.5529,  2.5180,  2.4831],
          ...,
          [-1.6127, -1.4559, -1.4384,  ..., -0.5844, -0.7936, -0.6367],
          [-1.3339, -1.5604, -1.5779,  ..., -0.6890, -1.0550, -0.6890],
          [-1.5256, -1.6302, -1.1421,  ..., -0.9504, -1.3513, -1.0376]]]])]
tensor([12,  3, 15, 11,  2,  2,  0, 17,  1,  0,  5, 15, 20, 17,  2, 15,  1, 10,
         9,  0,  2, 17,  7, 20, 17,  7,  3, 20,  8,  0, 11,  7,  0, 17,  5,  2,
        12,  2,  2,  1, 15,  5,  2,  2,  2, 15,  5, 15,  1,  7,  2,  2, 12,  1,
        17,  2,  6, 16, 20,  0,  5, 14, 21,  1,  1, 17,  4,  8,  2,  0,  6, 10,
         7, 18, 12, 15,  1,  2,  2, 17,  2,  0,  2, 17, 11,  1,  2,  1,  2,  2,
        11,  2, 16,  1, 17, 18, 18,  1, 11,  2,  2,  2,  7,  6,  2, 18,  1, 18,
         0, 12,  1,  2,  2,  1, 14, 20,  6,  1,  2,  6, 14, 17,  2,  2,  7,  1,
         0,  1])
[tensor([[[[ 1.3242,  1.3242,  1.3070,  ...,  0.2282,  0.6221,  0.8961],
          [ 1.3755,  1.3584,  1.3413,  ...,  0.1426,  0.5022,  0.7591],
          [ 1.4440,  1.4440,  1.4098,  ..., -0.0116,  0.2967,  0.5364],
          ...,
          [-1.2788, -1.2788, -1.2788,  ..., -0.1657, -0.1657, -0.1657],
          [-1.2788, -1.2788, -1.2617,  ..., -0.2342, -0.2171, -0.2171],
          [-1.2788, -1.2617, -1.2445,  ..., -0.2684, -0.2513, -0.2342]],

         [[ 1.4832,  1.4832,  1.4657,  ...,  0.3627,  0.7654,  1.0455],
          [ 1.5357,  1.5182,  1.5007,  ...,  0.2752,  0.6429,  0.9055],
          [ 1.6057,  1.6057,  1.5707,  ...,  0.1176,  0.4328,  0.6779],
          ...,
          [-1.1779, -1.1779, -1.1779,  ..., -0.0399, -0.0399, -0.0399],
          [-1.1779, -1.1779, -1.1604,  ..., -0.1099, -0.0924, -0.0924],
          [-1.1779, -1.1604, -1.1429,  ..., -0.1450, -0.1275, -0.1099]],

         [[ 1.6988,  1.6988,  1.6814,  ...,  0.5834,  0.9842,  1.2631],
          [ 1.7511,  1.7337,  1.7163,  ...,  0.4962,  0.8622,  1.1237],
          [ 1.8208,  1.8208,  1.7860,  ...,  0.3393,  0.6531,  0.8971],
          ...,
          [-0.9504, -0.9504, -0.9504,  ...,  0.1825,  0.1825,  0.1825],
          [-0.9504, -0.9504, -0.9330,  ...,  0.1128,  0.1302,  0.1302],
          [-0.9504, -0.9330, -0.9156,  ...,  0.0779,  0.0953,  0.1128]]],


        [[[ 0.0912,  0.0398, -0.1143,  ...,  0.0569,  0.0569,  0.0912],
          [-0.0629, -0.1486, -0.2684,  ...,  0.0227,  0.0569,  0.0912],
          [-0.3369, -0.3712, -0.4911,  ..., -0.0629,  0.0398,  0.1254],
          ...,
          [ 0.2967,  0.2796,  0.2282,  ..., -0.0287, -0.0287,  0.0398],
          [ 0.1254,  0.1083,  0.0741,  ...,  0.2624,  0.2453,  0.2796],
          [ 0.0227,  0.0056, -0.0116,  ...,  0.4337,  0.4166,  0.4166]],

         [[ 0.2227,  0.1877,  0.0301,  ...,  0.5903,  0.6078,  0.6254],
          [ 0.0476, -0.0224, -0.1450,  ...,  0.5553,  0.6078,  0.6429],
          [-0.2850, -0.2850, -0.4251,  ...,  0.4503,  0.6078,  0.6604],
          ...,
          [-0.3375, -0.3375, -0.3725,  ..., -0.5126, -0.5301, -0.4426],
          [-0.4951, -0.4776, -0.4951,  ..., -0.2150, -0.2325, -0.1975],
          [-0.5826, -0.5651, -0.5651,  ..., -0.0224, -0.0574, -0.0574]],

         [[ 1.3851,  1.2980,  1.1411,  ...,  1.6291,  1.6640,  1.6814],
          [ 1.1062,  1.0539,  0.9145,  ...,  1.5942,  1.6640,  1.6814],
          [ 0.6879,  0.6531,  0.5485,  ...,  1.5420,  1.6814,  1.7337],
          ...,
          [-0.2184, -0.2358, -0.2881,  ..., -0.6193, -0.6193, -0.5147],
          [-0.3578, -0.3578, -0.3927,  ..., -0.2881, -0.3055, -0.2707],
          [-0.4275, -0.4450, -0.4624,  ..., -0.0964, -0.1312, -0.1312]]],


        [[[ 0.2796,  0.2796,  0.2796,  ...,  0.2967,  0.2967,  0.2967],
          [ 0.2796,  0.2796,  0.2796,  ...,  0.2796,  0.2967,  0.2967],
          [ 0.2796,  0.2967,  0.2967,  ...,  0.2796,  0.2967,  0.2967],
          ...,
          [ 0.0398,  0.0056, -0.0801,  ...,  0.0056,  0.0398,  0.0569],
          [ 0.0398, -0.0116, -0.1143,  ...,  0.0227,  0.0569,  0.0912],
          [ 0.0227, -0.0287, -0.1314,  ...,  0.0056,  0.0569,  0.0912]],

         [[ 0.8880,  0.8880,  0.8880,  ...,  0.8704,  0.8880,  0.8880],
          [ 0.8880,  0.8880,  0.8880,  ...,  0.8880,  0.8880,  0.8880],
          [ 0.9055,  0.9055,  0.8880,  ...,  0.8880,  0.8880,  0.9055],
          ...,
          [-0.4251, -0.4601, -0.5301,  ..., -0.3550, -0.3550, -0.3550],
          [-0.4076, -0.4426, -0.5301,  ..., -0.3550, -0.3550, -0.3375],
          [-0.4076, -0.4601, -0.5476,  ..., -0.3725, -0.3550, -0.3375]],

         [[ 1.1411,  1.1411,  1.1411,  ...,  1.1411,  1.1411,  1.1585],
          [ 1.1411,  1.1411,  1.1411,  ...,  1.1411,  1.1411,  1.1585],
          [ 1.1585,  1.1585,  1.1411,  ...,  1.1411,  1.1585,  1.1585],
          ...,
          [-0.3230, -0.3404, -0.4101,  ..., -0.2010, -0.1835, -0.1661],
          [-0.3055, -0.3404, -0.4101,  ..., -0.2010, -0.1661, -0.1661],
          [-0.3055, -0.3404, -0.4275,  ..., -0.2184, -0.1835, -0.1661]]],


        ...,


        [[[-1.7069, -1.8268, -1.8268,  ..., -1.2959, -1.2959, -1.2788],
          [-1.8268, -1.8782, -1.8097,  ..., -1.6727, -1.5699, -1.6213],
          [-1.7412, -1.7583, -1.6898,  ..., -1.8097, -1.7754, -1.6555],
          ...,
          [-1.5014, -1.4500, -1.4500,  ..., -1.8610, -1.9124, -1.8610],
          [-1.4672, -1.4329, -1.4843,  ..., -1.8782, -1.8782, -1.8610],
          [-1.4843, -1.4843, -1.5014,  ..., -1.8782, -1.8439, -1.8268]],

         [[-1.5630, -1.6681, -1.6856,  ..., -1.1604, -1.1779, -1.2129],
          [-1.7031, -1.7031, -1.7031,  ..., -1.5805, -1.4580, -1.5455],
          [-1.6155, -1.5630, -1.5455,  ..., -1.7031, -1.6331, -1.4930],
          ...,
          [-1.1429, -1.1429, -1.1604,  ..., -1.7031, -1.6856, -1.6856],
          [-1.1604, -1.1604, -1.1604,  ..., -1.6681, -1.6681, -1.6506],
          [-1.1604, -1.1604, -1.1604,  ..., -1.6506, -1.6506, -1.6506]],

         [[-1.3687, -1.5081, -1.5256,  ..., -1.0376, -1.0898, -1.0898],
          [-1.5081, -1.5081, -1.5081,  ..., -1.4036, -1.3339, -1.4210],
          [-1.4036, -1.3861, -1.3687,  ..., -1.5430, -1.5081, -1.3687],
          ...,
          [-0.9156, -0.8807, -0.9156,  ..., -1.4907, -1.5081, -1.4733],
          [-0.9156, -0.9156, -0.9330,  ..., -1.4559, -1.4733, -1.4733],
          [-0.8981, -0.9156, -0.9678,  ..., -1.4384, -1.4733, -1.4907]]],


        [[[ 1.0844,  1.1015,  1.1358,  ..., -1.3815, -1.4158, -1.3815],
          [ 1.1529,  1.1700,  1.2043,  ..., -1.3815, -1.3815, -1.3815],
          [ 1.2557,  1.2214,  1.2385,  ..., -1.4158, -1.3644, -1.3644],
          ...,
          [-2.1179, -2.1179, -2.1179,  ..., -2.1179, -2.1179, -2.1179],
          [-2.1179, -2.1179, -2.1179,  ..., -2.1179, -2.1179, -2.1179],
          [-2.1179, -2.1179, -2.1179,  ..., -2.1179, -2.1179, -2.1179]],

         [[-2.0357, -2.0357, -2.0357,  ..., -1.6506, -1.6856, -1.6856],
          [-2.0357, -2.0357, -2.0357,  ..., -1.6681, -1.6856, -1.6856],
          [-2.0357, -2.0357, -2.0357,  ..., -1.7381, -1.7381, -1.7381],
          ...,
          [-2.0357, -2.0357, -2.0357,  ..., -2.0357, -2.0357, -2.0357],
          [-2.0357, -2.0357, -2.0357,  ..., -2.0357, -2.0357, -2.0357],
          [-2.0357, -2.0357, -2.0357,  ..., -2.0357, -2.0357, -2.0357]],

         [[ 2.2043,  2.2391,  2.2391,  ..., -1.8044, -1.8044, -1.8044],
          [ 2.2740,  2.3088,  2.3263,  ..., -1.8044, -1.7870, -1.7870],
          [ 2.3960,  2.4134,  2.4134,  ..., -1.7522, -1.6999, -1.7173],
          ...,
          [-1.8044, -1.8044, -1.8044,  ..., -1.8044, -1.8044, -1.8044],
          [-1.8044, -1.8044, -1.8044,  ..., -1.8044, -1.8044, -1.8044],
          [-1.8044, -1.8044, -1.8044,  ..., -1.8044, -1.8044, -1.8044]]],


        [[[-0.4397, -0.4911, -0.6794,  ...,  0.7591,  0.7591,  0.7591],
          [-0.4397, -0.4397, -0.6623,  ...,  0.7591,  0.7591,  0.7591],
          [-0.3883, -0.4397, -0.7650,  ...,  0.7591,  0.7591,  0.7591],
          ...,
          [-0.9877, -1.1075, -1.1932,  ..., -1.2274, -0.5938, -0.5938],
          [-0.9705, -1.1247, -1.2445,  ..., -1.2445, -0.6965, -0.6281],
          [-1.0904, -1.1075, -1.2274,  ..., -1.2445, -0.7137, -0.5767]],

         [[-0.3200, -0.3725, -0.5651,  ...,  0.9055,  0.9055,  0.9055],
          [-0.3200, -0.3200, -0.5476,  ...,  0.9055,  0.9055,  0.9055],
          [-0.2675, -0.3200, -0.6527,  ...,  0.9055,  0.9055,  0.9055],
          ...,
          [-0.8803, -1.0028, -1.0903,  ..., -1.1253, -0.4776, -0.4776],
          [-0.8627, -1.0203, -1.1429,  ..., -1.1429, -0.5826, -0.5126],
          [-0.9853, -1.0028, -1.1253,  ..., -1.1429, -0.6001, -0.4601]],

         [[-0.0964, -0.1487, -0.3404,  ...,  1.1237,  1.1237,  1.1237],
          [-0.0964, -0.0964, -0.3230,  ...,  1.1237,  1.1237,  1.1237],
          [-0.0441, -0.0964, -0.4275,  ...,  1.1237,  1.1237,  1.1237],
          ...,
          [-0.6541, -0.7761, -0.8633,  ..., -0.8981, -0.2532, -0.2532],
          [-0.6367, -0.7936, -0.9156,  ..., -0.9156, -0.3578, -0.2881],
          [-0.7587, -0.7761, -0.8981,  ..., -0.9156, -0.3753, -0.2358]]]]), tensor([[[[-1.0390, -1.0562, -1.0733,  ...,  0.2624,  0.3652,  0.4166],
          [-1.0390, -1.0733, -1.0733,  ...,  0.1597,  0.2453,  0.3309],
          [-1.0733, -1.0733, -1.0733,  ...,  0.0741,  0.1083,  0.1768],
          ...,
          [-0.5938, -0.5938, -0.5938,  ..., -0.9363, -1.1247, -1.2445],
          [-0.5938, -0.5938, -0.5938,  ..., -1.0048, -1.0390, -1.0048],
          [-0.5938, -0.5938, -0.5938,  ..., -0.9877, -0.9363, -0.9192]],

         [[-0.6527, -0.6702, -0.6877,  ...,  0.5378,  0.5728,  0.6254],
          [-0.6527, -0.6877, -0.6877,  ...,  0.4328,  0.4853,  0.5378],
          [-0.6877, -0.6877, -0.6877,  ...,  0.3452,  0.3803,  0.4328],
          ...,
          [-0.3200, -0.3200, -0.3200,  ..., -0.7227, -0.9153, -1.0553],
          [-0.3200, -0.3200, -0.3200,  ..., -0.7927, -0.7927, -0.7927],
          [-0.3200, -0.3200, -0.3200,  ..., -0.8102, -0.6877, -0.6877]],

         [[-0.2532, -0.2881, -0.3055,  ...,  0.7576,  0.7751,  0.8448],
          [-0.2532, -0.2881, -0.3055,  ...,  0.6356,  0.6705,  0.7402],
          [-0.2881, -0.3055, -0.2881,  ...,  0.5659,  0.5659,  0.6008],
          ...,
          [-0.0441, -0.0441, -0.0441,  ..., -0.4624, -0.6715, -0.7936],
          [-0.0441, -0.0441, -0.0441,  ..., -0.5670, -0.5321, -0.5321],
          [-0.0615, -0.0615, -0.0615,  ..., -0.5670, -0.4450, -0.4450]]],


        [[[ 1.7865,  1.7865,  1.7865,  ...,  0.1768,  0.1597,  0.1768],
          [ 1.7694,  1.7694,  1.7694,  ...,  0.2967,  0.2796,  0.2624],
          [ 1.7694,  1.7694,  1.7865,  ...,  0.2967,  0.2967,  0.2796],
          ...,
          [-1.1247, -1.0562, -1.0733,  ..., -1.3302, -1.2959, -1.3302],
          [-1.1589, -1.0904, -1.0562,  ..., -1.3130, -1.3130, -1.3473],
          [-1.1418, -1.0904, -1.0562,  ..., -1.3815, -1.3644, -1.3473]],

         [[ 1.9559,  1.9559,  1.9559,  ..., -0.2500, -0.2850, -0.2850],
          [ 1.9559,  1.9559,  1.9559,  ..., -0.2500, -0.2675, -0.2500],
          [ 1.9559,  1.9559,  1.9559,  ..., -0.3200, -0.3025, -0.2500],
          ...,
          [-1.4230, -1.3529, -1.3704,  ..., -1.4055, -1.4055, -1.3880],
          [-1.4055, -1.3354, -1.2829,  ..., -1.4055, -1.4055, -1.3704],
          [-1.3354, -1.2479, -1.2304,  ..., -1.4230, -1.4055, -1.3880]],

         [[ 2.1694,  2.1694,  2.1694,  ...,  0.9494,  0.9668,  1.0539],
          [ 2.1171,  2.1171,  2.1171,  ...,  1.2980,  1.2631,  1.2980],
          [ 2.1171,  2.1171,  2.1520,  ...,  1.3502,  1.3502,  1.3851],
          ...,
          [-1.0550, -1.0027, -1.0201,  ..., -1.0550, -0.9853, -0.9678],
          [-1.0724, -1.0027, -1.0027,  ..., -0.9853, -0.9853, -1.0027],
          [-1.0201, -0.9853, -0.9678,  ..., -1.1073, -1.0550, -1.0376]]],


        [[[ 1.1529,  1.1358,  1.1358,  ...,  1.2557,  1.2385,  1.2043],
          [ 1.1529,  1.1358,  1.1358,  ...,  1.2557,  1.2557,  1.2043],
          [ 1.1529,  1.1529,  1.1529,  ...,  1.2385,  1.2728,  1.1872],
          ...,
          [ 1.7009,  1.9407,  1.9235,  ...,  1.3584,  1.5468,  1.5297],
          [ 1.5468,  1.7694,  1.7694,  ...,  1.4098,  1.5125,  1.5297],
          [ 1.3755,  1.6153,  1.6153,  ...,  1.4269,  1.4783,  1.5297]],

         [[ 2.0084,  2.0259,  2.0084,  ...,  2.0434,  2.0434,  2.0784],
          [ 2.0084,  2.0259,  2.0084,  ...,  2.0609,  2.0609,  2.0784],
          [ 2.0084,  2.0084,  2.0084,  ...,  2.0784,  2.0959,  2.0609],
          ...,
          [ 0.5728,  0.5028,  0.5203,  ...,  0.4153,  0.4153,  0.4853],
          [ 0.5203,  0.3803,  0.3978,  ...,  0.4328,  0.4328,  0.5203],
          [ 0.4503,  0.2577,  0.2927,  ...,  0.4328,  0.4328,  0.5203]],

         [[ 2.6400,  2.6400,  2.6400,  ...,  2.6400,  2.6226,  2.6400],
          [ 2.6400,  2.6400,  2.6400,  ...,  2.6400,  2.6226,  2.6226],
          [ 2.6400,  2.6400,  2.6400,  ...,  2.6226,  2.6226,  2.5877],
          ...,
          [ 0.0953,  0.1476,  0.1999,  ...,  0.0256,  0.0256, -0.1138],
          [-0.0092, -0.0267,  0.0082,  ...,  0.0256,  0.0082, -0.0615],
          [-0.1487, -0.1661, -0.1312,  ...,  0.0256, -0.0092, -0.0441]]],


        ...,


        [[[-1.0562, -0.7993, -0.8678,  ...,  0.9817,  0.9817,  0.9817],
          [-1.1075, -0.8849, -0.9534,  ...,  0.9646,  1.0159,  0.9817],
          [-1.0219, -0.9534, -0.9020,  ...,  0.9646,  0.9817,  0.9474],
          ...,
          [-1.9295, -1.9124, -1.9638,  ..., -0.3712, -0.8164, -0.5938],
          [-1.9980, -1.9809, -1.9980,  ..., -0.1999, -0.6965, -0.5253],
          [-1.9980, -1.9980, -1.9980,  ..., -0.1486, -0.5082, -0.3027]],

         [[-0.8978, -0.6001, -0.6001,  ...,  1.0455,  1.0280,  1.0280],
          [-1.0028, -0.6877, -0.7052,  ...,  1.0630,  1.0805,  1.0630],
          [-0.8978, -0.7927, -0.7402,  ...,  1.0630,  1.0805,  1.0455],
          ...,
          [-1.8431, -1.7556, -1.8081,  ..., -0.2500, -0.7402, -0.4951],
          [-1.8782, -1.8081, -1.8431,  ..., -0.1450, -0.6527, -0.4076],
          [-1.8606, -1.8431, -1.8256,  ..., -0.0749, -0.4426, -0.2325]],

         [[-0.4101, -0.0615, -0.0964,  ...,  1.0714,  1.0539,  1.0539],
          [-0.5147, -0.1487, -0.1835,  ...,  1.0888,  1.1062,  1.0888],
          [-0.4275, -0.2358, -0.2184,  ...,  1.0888,  1.1062,  1.0714],
          ...,
          [-1.6127, -1.5256, -1.5430,  ..., -0.2184, -0.6890, -0.4624],
          [-1.6302, -1.5779, -1.5953,  ..., -0.1312, -0.5844, -0.3927],
          [-1.6127, -1.5953, -1.5953,  ..., -0.0964, -0.4101, -0.2010]]],


        [[[ 0.3823,  0.3823,  0.3994,  ..., -0.4054, -0.4054, -0.4054],
          [ 0.3994,  0.3994,  0.4166,  ..., -0.4054, -0.4054, -0.4054],
          [ 0.4166,  0.4166,  0.4337,  ..., -0.4226, -0.4226, -0.4226],
          ...,
          [-2.0152, -2.0152, -2.0152,  ..., -1.8782, -1.8268, -1.7583],
          [-2.0152, -2.0152, -2.0152,  ..., -1.8610, -1.7925, -1.7240],
          [-2.0152, -2.0152, -2.0152,  ..., -1.8439, -1.7754, -1.7069]],

         [[-0.1800, -0.1800, -0.1625,  ..., -1.0728, -1.0728, -1.0553],
          [-0.1800, -0.1800, -0.1625,  ..., -1.0728, -1.0728, -1.0553],
          [-0.1625, -0.1625, -0.1625,  ..., -1.0728, -1.0728, -1.0728],
          ...,
          [-1.9307, -1.9307, -1.9307,  ..., -1.8431, -1.7731, -1.7206],
          [-1.9307, -1.9307, -1.9307,  ..., -1.8081, -1.7381, -1.6856],
          [-1.9307, -1.9307, -1.9307,  ..., -1.7906, -1.7206, -1.6506]],

         [[-0.4275, -0.4275, -0.4275,  ..., -0.8284, -0.8458, -0.8458],
          [-0.4450, -0.4450, -0.4450,  ..., -0.8110, -0.8110, -0.8110],
          [-0.4624, -0.4624, -0.4624,  ..., -0.7413, -0.7413, -0.7587],
          ...,
          [-1.6999, -1.6999, -1.6999,  ..., -1.6824, -1.6824, -1.6824],
          [-1.6999, -1.6999, -1.6999,  ..., -1.6650, -1.6650, -1.6476],
          [-1.6999, -1.6999, -1.6999,  ..., -1.6476, -1.6476, -1.6302]]],


        [[[-0.0801, -0.0116,  0.1254,  ...,  1.7865,  1.7865,  1.7865],
          [-0.0801, -0.0116,  0.0912,  ...,  1.7865,  1.7865,  1.7865],
          [-0.5253, -0.4397, -0.4226,  ...,  1.7865,  1.7865,  1.7865],
          ...,
          [-1.4158, -1.1247, -0.3198,  ...,  0.5707,  0.4166,  0.2796],
          [-1.4843, -1.1932, -0.4226,  ...,  0.3309,  0.2796,  0.2111],
          [-1.3815, -1.0904, -0.3541,  ...,  0.5707,  0.5707,  0.3481]],

         [[ 0.0126,  0.0826,  0.2227,  ...,  1.9559,  1.9559,  1.9559],
          [ 0.0476,  0.1176,  0.2402,  ...,  1.9559,  1.9559,  1.9559],
          [-0.3025, -0.1975, -0.2500,  ...,  1.9559,  1.9559,  1.9559],
          ...,
          [-1.2654, -0.9853, -0.1450,  ...,  0.4153,  0.1877,  0.0476],
          [-1.3354, -1.0378, -0.2500,  ...,  0.1352,  0.0476, -0.0399],
          [-1.2129, -0.9328, -0.1975,  ...,  0.3627,  0.3627,  0.1176]],

         [[ 0.4614,  0.5659,  0.7054,  ...,  2.1694,  2.1694,  2.1694],
          [ 0.5136,  0.6356,  0.7054,  ...,  2.1694,  2.1694,  2.1694],
          [ 0.0953,  0.1999,  0.1999,  ...,  2.1694,  2.1694,  2.1694],
          ...,
          [-0.8981, -0.5844,  0.2522,  ...,  0.4788,  0.3393,  0.2348],
          [-0.9504, -0.6193,  0.1825,  ...,  0.2522,  0.2173,  0.1302],
          [-0.7936, -0.4973,  0.2871,  ...,  0.5136,  0.5136,  0.3045]]]])]
tensor([ 2,  5,  2, 21, 12,  7, 21,  2,  5, 17,  7,  2,  0, 11, 15,  0, 16, 17,
         5,  6,  2, 12, 12,  2, 16,  1, 12,  2, 11,  1, 11, 10,  1, 10, 18, 17,
        11,  0,  2,  1, 21, 12,  1, 21, 18, 18, 12, 12,  1, 14, 21,  1, 18,  0,
        16,  2, 16,  1,  2,  2,  6,  5, 15, 14,  2, 16, 21,  3, 21, 18, 11,  1,
        16,  0,  2,  1,  1, 15,  1,  7,  9,  0, 15,  7,  6,  2,  7,  1,  1, 12,
        18,  8, 17,  2,  1, 15,  2, 21, 10, 15, 11,  0, 17,  1,  6,  1, 10, 11,
        11, 16,  8,  2,  2,  0,  6, 14, 17, 10,  5,  1,  9,  2,  3, 18, 16, 11,
         0,  1])
tensor([[[[ 1.5468,  1.6153,  1.6324,  ...,  2.2489,  2.2489,  2.2489],
          [ 1.6153,  1.6153,  1.6153,  ...,  2.2489,  2.2489,  2.2489],
          [ 1.5468,  1.5639,  1.5639,  ...,  2.2489,  2.2489,  2.2489],
          ...,
          [-1.8953, -1.9124, -1.8610,  ...,  2.0777,  2.0777,  2.0605],
          [-1.8439, -1.7069, -1.8953,  ...,  2.1633,  2.1462,  2.1462],
          [-1.8953, -1.9124, -1.9124,  ...,  2.1975,  2.1462,  2.1633]],

         [[ 1.1331,  1.2206,  1.2906,  ...,  2.4286,  2.4286,  2.4286],
          [ 1.2206,  1.2206,  1.2731,  ...,  2.4286,  2.4286,  2.4286],
          [ 1.1856,  1.2031,  1.2556,  ...,  2.4286,  2.4286,  2.4286],
          ...,
          [-1.7731, -1.7731, -1.7206,  ...,  2.2360,  2.1660,  2.1134],
          [-1.6856, -1.5980, -1.8081,  ...,  2.2535,  2.1835,  2.1835],
          [-1.8256, -1.8957, -1.8782,  ...,  2.2535,  2.2010,  2.2360]],

         [[-1.2119, -1.1596, -1.1596,  ...,  2.6400,  2.6400,  2.6400],
          [-1.1596, -1.1596, -1.1596,  ...,  2.6400,  2.6400,  2.6400],
          [-1.1944, -1.1421, -1.1596,  ...,  2.6400,  2.6400,  2.6400],
          ...,
          [-1.7522, -1.6650, -1.5953,  ...,  2.0300,  1.9951,  1.9428],
          [-1.6650, -1.5779, -1.6824,  ...,  2.0997,  2.0125,  2.0300],
          [-1.6650, -1.6824, -1.6127,  ...,  2.0997,  2.0300,  2.0823]]],


        [[[-1.2617, -1.2617, -1.2617,  ..., -1.2959, -1.2788, -1.2788],
          [-1.2788, -1.2788, -1.2788,  ..., -1.2959, -1.2788, -1.2788],
          [-1.2959, -1.2959, -1.2959,  ..., -1.2959, -1.2617, -1.2617],
          ...,
          [-0.9534, -0.9877, -0.6452,  ..., -0.5596, -0.4397, -0.1486],
          [-0.5938, -0.7137, -0.5767,  ..., -0.3198, -0.2684, -0.1143],
          [-0.3712, -0.4054, -0.3369,  ..., -0.0458, -0.0629, -0.0287]],

         [[-1.1604, -1.1604, -1.1604,  ..., -1.1954, -1.1779, -1.1779],
          [-1.1779, -1.1779, -1.1779,  ..., -1.1954, -1.1779, -1.1779],
          [-1.1954, -1.1954, -1.1954,  ..., -1.1954, -1.1604, -1.1604],
          ...,
          [-0.8452, -0.8803, -0.5301,  ..., -0.4426, -0.3200, -0.0224],
          [-0.4776, -0.6001, -0.4601,  ..., -0.1975, -0.1450,  0.0126],
          [-0.2500, -0.2850, -0.2150,  ...,  0.0826,  0.0651,  0.1001]],

         [[-0.9330, -0.9330, -0.9330,  ..., -0.9678, -0.9504, -0.9504],
          [-0.9504, -0.9504, -0.9504,  ..., -0.9678, -0.9504, -0.9504],
          [-0.9678, -0.9678, -0.9678,  ..., -0.9678, -0.9330, -0.9330],
          ...,
          [-0.6193, -0.6541, -0.3055,  ..., -0.2184, -0.0964,  0.1999],
          [-0.2532, -0.3753, -0.2358,  ...,  0.0256,  0.0779,  0.2348],
          [-0.0267, -0.0615,  0.0082,  ...,  0.3045,  0.2871,  0.3219]]],


        [[[-0.4568, -0.4397, -0.4054,  ...,  0.1254,  0.1083,  0.1597],
          [-0.5253, -0.4911, -0.4911,  ...,  0.1426,  0.1254,  0.1083],
          [-0.4911, -0.4911, -0.5082,  ...,  0.1426,  0.1254,  0.0912],
          ...,
          [-2.1008, -2.1008, -2.0665,  ..., -1.4500, -1.4158, -1.3815],
          [-2.1008, -2.0837, -2.0665,  ..., -1.4158, -1.3815, -1.3473],
          [-2.0837, -2.0837, -2.0665,  ..., -1.3815, -1.3473, -1.2959]],

         [[-0.3550, -0.3200, -0.3025,  ..., -0.0049, -0.0399, -0.0574],
          [-0.4251, -0.3901, -0.3901,  ...,  0.0301, -0.0574, -0.0574],
          [-0.3901, -0.3901, -0.3901,  ...,  0.0301, -0.0399, -0.0749],
          ...,
          [-1.9132, -1.8957, -1.8957,  ..., -1.4580, -1.4405, -1.3704],
          [-1.9307, -1.8957, -1.8957,  ..., -1.4230, -1.3880, -1.3354],
          [-1.9132, -1.8782, -1.8431,  ..., -1.4055, -1.3529, -1.3179]],

         [[-0.1661, -0.1661, -0.1312,  ...,  0.2348,  0.1999,  0.2173],
          [-0.2358, -0.2358, -0.2010,  ...,  0.2696,  0.1825,  0.1825],
          [-0.2184, -0.2184, -0.1835,  ...,  0.2696,  0.2173,  0.1651],
          ...,
          [-1.6650, -1.6302, -1.6476,  ..., -1.3164, -1.3164, -1.2293],
          [-1.6650, -1.6476, -1.6302,  ..., -1.2816, -1.2641, -1.1770],
          [-1.6476, -1.6302, -1.5953,  ..., -1.2641, -1.2119, -1.1770]]],


        ...,


        [[[ 0.5193,  0.5193,  0.5193,  ...,  0.3309,  0.3309,  0.3309],
          [ 0.5193,  0.5193,  0.5193,  ...,  0.3309,  0.3309,  0.3309],
          [ 0.5193,  0.5193,  0.5193,  ...,  0.3309,  0.3309,  0.3309],
          ...,
          [-1.2959, -1.3644, -1.4672,  ..., -1.1932, -1.3130, -1.0904],
          [-1.3302, -1.3644, -1.3644,  ..., -0.9877, -1.0219, -0.9363],
          [-1.4672, -1.3815, -1.0562,  ..., -1.0048, -1.0048, -0.9192]],

         [[ 0.6604,  0.6604,  0.6604,  ...,  0.4678,  0.4678,  0.4678],
          [ 0.6604,  0.6604,  0.6604,  ...,  0.4678,  0.4678,  0.4678],
          [ 0.6604,  0.6604,  0.6604,  ...,  0.4678,  0.4678,  0.4678],
          ...,
          [-1.1954, -1.2654, -1.3704,  ..., -1.0903, -1.2129, -0.9853],
          [-1.2304, -1.2654, -1.2654,  ..., -0.8803, -0.9153, -0.8277],
          [-1.3704, -1.2829, -0.9503,  ..., -0.8978, -0.8978, -0.8102]],

         [[ 0.8797,  0.8797,  0.8797,  ...,  0.6879,  0.6879,  0.6879],
          [ 0.8797,  0.8797,  0.8797,  ...,  0.6879,  0.6879,  0.6879],
          [ 0.8797,  0.8797,  0.8797,  ...,  0.6879,  0.6879,  0.6879],
          ...,
          [-0.9678, -1.0376, -1.1421,  ..., -0.8633, -0.9853, -0.7587],
          [-1.0027, -1.0376, -1.0376,  ..., -0.6541, -0.6890, -0.6018],
          [-1.1421, -1.0550, -0.7238,  ..., -0.6715, -0.6715, -0.5844]]],


        [[[ 1.1015,  1.0673,  1.0673,  ...,  0.8276,  0.8104,  0.8104],
          [ 1.1015,  1.0844,  1.0844,  ...,  0.8276,  0.8276,  0.8276],
          [ 1.1015,  1.0844,  1.0844,  ...,  0.8789,  0.8789,  0.8789],
          ...,
          [ 0.3138,  0.4166,  0.4166,  ..., -1.0048, -0.7479, -0.7822],
          [ 0.2624,  0.2796,  0.3652,  ..., -0.9534, -0.7137, -1.0219],
          [ 0.2624,  0.2967,  0.2967,  ..., -0.8678, -0.7650, -0.7137]],

         [[ 1.2556,  1.2206,  1.2206,  ...,  0.9755,  0.9580,  0.9580],
          [ 1.2556,  1.2381,  1.2381,  ...,  0.9755,  0.9755,  0.9755],
          [ 1.2556,  1.2381,  1.2381,  ...,  1.0280,  1.0280,  1.0280],
          ...,
          [ 0.4503,  0.5553,  0.5553,  ..., -0.8978, -0.6352, -0.6702],
          [ 0.3978,  0.4153,  0.5028,  ..., -0.8452, -0.6001, -0.9153],
          [ 0.3978,  0.4328,  0.4328,  ..., -0.7577, -0.6527, -0.6001]],

         [[ 1.4722,  1.4374,  1.4374,  ...,  1.1934,  1.1759,  1.1759],
          [ 1.4722,  1.4548,  1.4548,  ...,  1.1934,  1.1934,  1.1934],
          [ 1.4722,  1.4548,  1.4548,  ...,  1.2457,  1.2457,  1.2457],
          ...,
          [ 0.6705,  0.7751,  0.7751,  ..., -0.6715, -0.4101, -0.4450],
          [ 0.6182,  0.6356,  0.7228,  ..., -0.6193, -0.3753, -0.6890],
          [ 0.6182,  0.6531,  0.6531,  ..., -0.5321, -0.4275, -0.3753]]],


        [[[-0.9192, -0.9020, -0.8849,  ..., -0.2684, -0.3198, -0.3541],
          [-1.2103, -1.1247, -0.9877,  ..., -0.8849, -0.8849, -0.9020],
          [-1.2959, -1.1760, -1.0048,  ..., -1.1589, -1.1932, -1.2274],
          ...,
          [ 0.8447,  0.8276,  0.7762,  ...,  1.0502,  1.0673,  1.0844],
          [ 0.1254,  0.1083,  0.0912,  ...,  0.9988,  0.9988,  0.9988],
          [-0.9192, -0.9192, -0.9020,  ...,  0.9303,  0.9303,  0.9303]],

         [[-0.6702, -0.6702, -0.6877,  ..., -0.0399, -0.1275, -0.1800],
          [-0.9678, -0.8978, -0.7927,  ..., -0.6527, -0.6877, -0.7052],
          [-1.0553, -0.9503, -0.7927,  ..., -0.9153, -0.9678, -1.0028],
          ...,
          [ 0.7479,  0.7304,  0.6779,  ...,  0.7654,  0.7479,  0.7304],
          [ 0.0476,  0.0476,  0.0301,  ...,  0.7129,  0.6954,  0.6604],
          [-0.9678, -0.9678, -0.9503,  ...,  0.6604,  0.6254,  0.5903]],

         [[-0.8458, -0.8458, -0.8633,  ..., -0.0267, -0.0790, -0.1138],
          [-1.1596, -1.0898, -0.9678,  ..., -0.6367, -0.6367, -0.6367],
          [-1.2467, -1.1421, -0.9853,  ..., -0.9156, -0.9330, -0.9504],
          ...,
          [ 0.6879,  0.6531,  0.6182,  ...,  0.3045,  0.3219,  0.3219],
          [-0.0092, -0.0267, -0.0441,  ...,  0.2173,  0.2173,  0.2173],
          [-1.0027, -1.0027, -1.0201,  ...,  0.1128,  0.1128,  0.1128]]]])
tensor([17, 16, 11, 15, 21,  0, 20,  0,  2,  7, 15, 18, 15,  7,  8, 15,  1, 12,
        15, 18, 14,  7, 21, 18,  2, 15,  8,  2, 14,  1,  1,  6, 15,  2,  2, 12,
         2, 17, 10, 18,  2, 16, 12,  0, 20,  0,  2, 11,  7,  9,  0, 17, 11, 15,
         1, 21,  2, 16,  2,  3, 11,  1, 10, 15, 14, 16,  7,  1,  1, 16, 11, 17,
         1, 11, 17,  2,  8,  3, 20,  1,  0,  2, 17,  8,  1, 17,  3,  7,  7,  2,
        17, 12,  7, 10,  0,  4,  3,  5, 17, 10,  3, 15, 18,  0, 14, 17, 12, 15,
        17, 12,  6,  3, 15, 18, 17,  1,  5,  2,  8, 21, 11,  1,  0, 18,  2, 21,
         6, 14])
tensor([[[[ 1.3584,  1.3755,  1.3584,  ..., -1.0390, -0.6794, -0.5596],
          [ 1.3584,  1.3584,  1.3242,  ..., -0.9363, -0.8678, -0.8164],
          [ 1.3755,  1.3584,  1.3584,  ..., -0.8164, -0.6281, -0.6623],
          ...,
          [-0.8849, -0.5596, -0.5082,  ..., -0.4568, -0.5596, -1.1075],
          [-0.8507, -0.6452, -0.5424,  ..., -0.1999, -0.0116, -0.9363],
          [-0.7822, -0.5596, -0.6109,  ..., -0.8849, -0.9192, -1.0219]],

         [[ 1.5182,  1.5357,  1.5182,  ..., -0.6176, -0.2675, -0.1450],
          [ 1.5182,  1.5182,  1.5182,  ..., -0.4951, -0.4426, -0.4251],
          [ 1.5357,  1.5182,  1.5182,  ..., -0.4251, -0.2500, -0.2850],
          ...,
          [-0.7752, -0.4426, -0.3901,  ..., -0.2325, -0.3200, -0.8627],
          [-0.7402, -0.5301, -0.4251,  ...,  0.0476,  0.2577, -0.6877],
          [-0.6702, -0.4601, -0.5126,  ..., -0.6352, -0.6702, -0.7752]],

         [[ 1.6988,  1.7511,  1.7337,  ..., -0.3578, -0.0441,  0.0779],
          [ 1.6988,  1.7337,  1.7337,  ..., -0.2358, -0.2184, -0.2010],
          [ 1.7511,  1.6988,  1.6814,  ..., -0.2010, -0.0441, -0.0964],
          ...,
          [-0.5495, -0.2184, -0.1835,  ..., -0.1138, -0.1835, -0.7238],
          [-0.5147, -0.3055, -0.2010,  ...,  0.1476,  0.3219, -0.6367],
          [-0.4798, -0.2881, -0.3055,  ..., -0.5495, -0.6018, -0.7238]]],


        [[[ 1.6667,  1.6153,  1.3584,  ...,  0.9646,  0.9646,  0.9646],
          [ 1.3755,  0.8276,  0.6734,  ...,  1.0159,  0.9646,  0.9646],
          [ 0.6221,  1.2043,  1.6667,  ...,  1.0331,  1.0331,  1.0331],
          ...,
          [-0.3198, -0.2856, -0.3369,  ..., -1.1589, -1.1418, -1.1247],
          [-0.3198, -0.3198, -0.3198,  ..., -1.1418, -1.1418, -1.1418],
          [-0.3883, -0.2684, -0.3712,  ..., -1.0562, -1.1247, -1.1589]],

         [[ 1.7283,  1.7108,  1.5357,  ...,  1.7983,  1.8333,  1.7808],
          [ 1.5182,  1.0105,  0.6954,  ...,  1.7983,  1.8333,  1.8333],
          [ 0.7654,  1.2381,  1.6583,  ...,  1.8333,  1.8333,  1.8333],
          ...,
          [ 0.0651,  0.0826,  0.0476,  ..., -1.0903, -1.0553, -1.0378],
          [ 0.0826,  0.0651,  0.0651,  ..., -1.0553, -1.0553, -1.0553],
          [ 0.0126,  0.0651,  0.0126,  ..., -1.0378, -1.0553, -1.0903]],

         [[ 1.6814,  1.6814,  1.5768,  ...,  2.6400,  2.6400,  2.6400],
          [ 1.5768,  1.0539,  0.7751,  ...,  2.6400,  2.6400,  2.6400],
          [ 0.7576,  1.1759,  1.6117,  ...,  2.6400,  2.6400,  2.6400],
          ...,
          [ 0.5659,  0.5834,  0.5136,  ..., -0.9330, -0.8807, -0.8633],
          [ 0.6182,  0.5834,  0.5659,  ..., -0.8807, -0.8633, -0.8807],
          [ 0.5485,  0.5834,  0.5136,  ..., -0.8284, -0.8633, -0.9330]]],


        [[[-1.4672, -1.4672, -1.5185,  ..., -1.5357, -1.5357, -1.5357],
          [-1.5185, -1.4500, -1.5185,  ..., -1.5357, -1.5357, -1.5357],
          [-1.4500, -1.4672, -1.4672,  ..., -1.5357, -1.5357, -1.5357],
          ...,
          [ 2.2489,  2.2489,  2.2489,  ...,  0.5878,  1.9407,  1.9920],
          [ 2.2489,  2.2489,  2.2489,  ...,  1.0673,  1.6838,  1.6495],
          [ 2.2489,  2.2489,  2.2489,  ...,  1.7694,  1.9749,  1.9064]],

         [[ 1.8859,  1.8859,  1.8683,  ...,  1.8333,  1.8333,  1.8333],
          [ 1.8683,  1.9384,  1.8683,  ...,  1.8333,  1.8333,  1.8333],
          [ 1.9384,  1.8859,  1.8859,  ...,  1.8333,  1.8333,  1.8333],
          ...,
          [-0.3375,  0.1176,  0.7304,  ..., -0.5476,  0.6779,  0.6078],
          [-0.7752, -0.4076,  0.1877,  ..., -0.0924,  0.3277,  0.1877],
          [-0.9853, -0.6001, -0.0749,  ...,  0.5553,  0.5903,  0.4153]],

         [[ 2.6400,  2.6400,  2.6400,  ...,  2.6400,  2.6400,  2.6400],
          [ 2.6400,  2.6400,  2.6400,  ...,  2.6400,  2.6400,  2.6400],
          [ 2.6400,  2.6400,  2.6400,  ...,  2.6400,  2.6400,  2.6400],
          ...,
          [ 0.2173,  0.4962,  1.0191,  ..., -0.3230,  0.9668,  0.8971],
          [-0.1661,  0.0779,  0.5834,  ...,  0.1999,  0.6531,  0.5485],
          [-0.3404, -0.0790,  0.4091,  ...,  0.9145,  0.9494,  0.7925]]],


        ...,


        [[[-1.9980, -1.7412, -1.5870,  ..., -1.5528, -1.4843, -1.5185],
          [-1.9124, -1.9467, -1.7069,  ..., -1.5528, -1.5699, -1.5357],
          [-1.4329, -1.6727, -1.8953,  ..., -1.5870, -1.6042, -1.5528],
          ...,
          [-1.9638, -1.9124, -1.9295,  ..., -1.6042, -1.5870, -1.5870],
          [-1.9467, -1.9124, -1.9467,  ..., -1.6042, -1.5870, -1.6213],
          [-1.9124, -1.9295, -1.9467,  ..., -1.6213, -1.5870, -1.6213]],

         [[-1.3704, -1.0378, -0.9153,  ..., -0.7402, -0.6877, -0.7227],
          [-1.2654, -1.3880, -1.1429,  ..., -0.7402, -0.7577, -0.7227],
          [-0.7927, -1.1078, -1.3529,  ..., -0.7752, -0.8102, -0.7577],
          ...,
          [-1.4580, -1.5105, -1.5455,  ..., -0.6702, -0.6527, -0.6527],
          [-1.4405, -1.4930, -1.5280,  ..., -0.6877, -0.6352, -0.6702],
          [-1.4580, -1.4755, -1.5105,  ..., -0.6877, -0.6527, -0.6877]],

         [[-1.1770, -0.8981, -0.7936,  ..., -0.5844, -0.5670, -0.6367],
          [-1.0550, -1.1421, -0.9504,  ..., -0.6018, -0.6367, -0.6367],
          [-0.6193, -0.9156, -1.1596,  ..., -0.6715, -0.6715, -0.6367],
          ...,
          [-1.2816, -1.2641, -1.2816,  ..., -0.3578, -0.3578, -0.3927],
          [-1.2467, -1.2467, -1.2641,  ..., -0.3753, -0.3753, -0.4275],
          [-1.2119, -1.2293, -1.2816,  ..., -0.3927, -0.3753, -0.4275]]],


        [[[ 2.0605,  1.7865,  2.1119,  ...,  0.3481,  0.3309,  0.3138],
          [ 2.0605,  1.7865,  2.1119,  ...,  0.3652,  0.3652,  0.3481],
          [ 2.0605,  1.7865,  2.1119,  ...,  0.3994,  0.3823,  0.3652],
          ...,
          [ 2.0605,  1.8893,  1.6667,  ...,  0.5022,  0.5022,  0.5022],
          [ 2.0605,  1.8893,  1.6667,  ...,  0.5364,  0.5364,  0.5364],
          [ 2.0605,  1.8893,  1.6667,  ...,  0.5364,  0.5364,  0.5193]],

         [[ 2.2360,  1.9559,  2.2885,  ...,  0.3627,  0.3452,  0.3277],
          [ 2.2360,  1.9559,  2.2885,  ...,  0.3803,  0.3803,  0.3627],
          [ 2.2360,  1.9559,  2.2885,  ...,  0.4153,  0.3978,  0.3803],
          ...,
          [ 2.2535,  2.0784,  1.8508,  ...,  0.5728,  0.5728,  0.5728],
          [ 2.2535,  2.0784,  1.8508,  ...,  0.6078,  0.6078,  0.6078],
          [ 2.2535,  2.0784,  1.8508,  ...,  0.6078,  0.6078,  0.5903]],

         [[ 2.4483,  2.1694,  2.5006,  ...,  0.4091,  0.3916,  0.3742],
          [ 2.4483,  2.1694,  2.5006,  ...,  0.4265,  0.4265,  0.4091],
          [ 2.4483,  2.1694,  2.5006,  ...,  0.4614,  0.4439,  0.4265],
          ...,
          [ 2.3786,  2.2043,  1.9777,  ...,  0.7402,  0.7402,  0.7402],
          [ 2.3786,  2.2043,  1.9777,  ...,  0.7751,  0.7751,  0.7751],
          [ 2.3786,  2.2043,  1.9777,  ...,  0.7751,  0.7751,  0.7576]]],


        [[[ 1.6495,  1.6495,  1.6495,  ...,  1.6495,  1.6495,  1.6495],
          [ 1.6495,  1.6495,  1.6495,  ...,  1.6495,  1.6495,  1.6495],
          [ 1.6495,  1.6495,  1.6495,  ...,  1.6495,  1.6495,  1.6495],
          ...,
          [-0.1657, -0.1657, -0.1828,  ..., -0.3883, -0.4397, -0.3712],
          [ 0.0056,  0.0398,  0.0398,  ..., -0.3883, -0.4054, -0.4054],
          [ 0.0398,  0.0398,  0.0398,  ...,  0.2111,  0.1939,  0.2111]],

         [[ 1.8158,  1.8158,  1.8158,  ...,  1.8158,  1.8158,  1.8158],
          [ 1.8158,  1.8158,  1.8158,  ...,  1.8158,  1.8158,  1.8158],
          [ 1.8158,  1.8158,  1.8158,  ...,  1.8158,  1.8158,  1.8158],
          ...,
          [-0.2850, -0.2850, -0.2850,  ..., -0.4601, -0.4776, -0.4601],
          [ 0.0126,  0.0476,  0.0651,  ..., -0.4951, -0.4951, -0.5301],
          [ 0.0301,  0.0476,  0.0476,  ...,  0.0476,  0.0476,  0.0301]],

         [[ 2.0300,  2.0300,  2.0300,  ...,  2.0300,  2.0300,  2.0300],
          [ 2.0300,  2.0300,  2.0300,  ...,  2.0300,  2.0300,  2.0300],
          [ 2.0300,  2.0300,  2.0300,  ...,  2.0300,  2.0300,  2.0300],
          ...,
          [-0.0267, -0.0267, -0.0441,  ..., -0.3927, -0.4275, -0.3927],
          [ 0.1999,  0.2522,  0.2522,  ..., -0.4101, -0.4101, -0.4450],
          [ 0.2173,  0.2522,  0.2522,  ...,  0.1651,  0.1476,  0.1476]]]])
tensor([18,  7, 17,  1,  2,  2, 12, 12, 17, 21,  6,  6,  0, 12,  0, 12,  2,  1,
         1,  0, 14, 15, 11,  2, 21, 21,  7, 11, 15, 10,  1,  0, 17,  2,  2, 20,
        11, 14,  4, 11,  8,  2, 15,  1, 15,  2, 15,  0,  1,  2,  2, 18,  2, 17,
        15, 15, 17, 16, 21,  2,  6, 12, 21,  2, 16, 20, 21, 18, 10,  2, 20, 17,
        17, 17,  3, 11,  1, 13,  2, 10,  2, 14, 21, 11,  2,  7, 15,  2, 11,  1,
        12,  5,  0,  6,  0, 16,  2,  1, 17, 11,  6, 15,  2,  5, 21,  0,  2,  1,
         6,  2,  2,  5, 16,  2,  9,  2, 11,  1,  7,  1, 12, 12, 20,  3,  3,  0,
        19,  2])
tensor([[[[-1.5870, -1.4329, -1.7069,  ..., -2.1179, -2.1179, -2.1179],
          [-1.6384, -1.6898, -1.5699,  ..., -2.1179, -2.1179, -2.1179],
          [-1.6384, -1.8953, -1.6384,  ..., -2.0837, -2.1179, -2.1179],
          ...,
          [ 1.3755,  1.3755,  1.3755,  ...,  1.3755,  1.3755,  1.3755],
          [ 1.3755,  1.3755,  1.3755,  ...,  1.3755,  1.3755,  1.3755],
          [ 1.3755,  1.3755,  1.3755,  ...,  1.3755,  1.3755,  1.3755]],

         [[-0.9503, -0.8277, -0.8978,  ..., -2.0007, -2.0357, -1.9832],
          [-0.9503, -1.0903, -0.8803,  ..., -2.0007, -2.0357, -2.0357],
          [-0.9503, -1.2654, -0.9853,  ..., -1.7556, -1.7731, -1.8256],
          ...,
          [ 1.5357,  1.5357,  1.5357,  ...,  1.5357,  1.5357,  1.5357],
          [ 1.5357,  1.5357,  1.5357,  ...,  1.5357,  1.5357,  1.5357],
          [ 1.5357,  1.5357,  1.5357,  ...,  1.5357,  1.5357,  1.5357]],

         [[-0.6018, -0.4275, -0.4973,  ..., -1.6476, -1.5953, -1.6476],
          [-0.6018, -0.6890, -0.4624,  ..., -1.5779, -1.5779, -1.5953],
          [-0.5844, -0.8981, -0.5495,  ..., -1.2467, -1.2641, -1.3164],
          ...,
          [ 1.7511,  1.7511,  1.7511,  ...,  1.7511,  1.7511,  1.7511],
          [ 1.7511,  1.7511,  1.7511,  ...,  1.7511,  1.7511,  1.7511],
          [ 1.7511,  1.7511,  1.7511,  ...,  1.7511,  1.7511,  1.7511]]],


        [[[ 0.0912,  0.0227,  0.8104,  ..., -1.6384, -1.6727, -1.9638],
          [ 0.0227,  0.2282,  0.5022,  ..., -1.7583, -1.4672, -1.7583],
          [-0.1486,  0.7077,  0.5878,  ..., -1.7754, -1.4843, -1.3644],
          ...,
          [-1.8953, -1.8439, -1.9124,  ..., -1.8782, -1.8953, -1.8268],
          [-1.8097, -1.7583, -1.7583,  ..., -1.8782, -1.8953, -1.8782],
          [-1.7412, -1.6898, -1.7583,  ..., -1.8782, -1.8782, -1.9124]],

         [[ 0.9055,  0.6604,  1.3782,  ..., -1.3704, -1.4405, -1.7206],
          [ 1.0280,  0.8004,  1.4482,  ..., -1.1604, -1.0203, -1.4755],
          [ 0.7129,  1.1506,  1.2906,  ..., -1.2654, -0.7577, -0.8452],
          ...,
          [-0.9853, -1.0553, -1.0378,  ..., -1.1779, -1.1253, -1.1253],
          [-0.8452, -0.8452, -0.8277,  ..., -1.1078, -1.1253, -1.1078],
          [-0.8277, -0.8803, -0.9853,  ..., -1.1078, -1.1253, -1.1078]],

         [[ 1.7163,  1.6814,  1.9428,  ..., -0.7587, -0.8981, -1.1421],
          [ 1.8034,  1.7163,  2.0125,  ..., -0.5495, -0.4101, -0.8807],
          [ 1.6465,  1.9428,  2.0125,  ..., -0.6715, -0.2532, -0.2184],
          ...,
          [-0.1661, -0.2184, -0.2184,  ..., -0.4624, -0.4798, -0.4101],
          [ 0.0256,  0.0605,  0.0256,  ..., -0.3753, -0.4624, -0.4101],
          [ 0.0256, -0.0092, -0.1487,  ..., -0.3404, -0.4624, -0.4798]]],


        [[[-0.4739, -0.7137, -0.7308,  ..., -1.2959, -1.3302, -1.3130],
          [-0.0629, -0.3541, -0.6623,  ..., -1.2959, -1.2788, -1.3302],
          [ 0.0741, -0.0116, -0.3027,  ..., -1.3302, -1.2788, -1.3302],
          ...,
          [-1.9124, -1.8610, -1.8097,  ..., -1.5699, -1.5699, -1.5185],
          [-1.6213, -1.5528, -1.5528,  ..., -1.5870, -1.5699, -1.5699],
          [-1.5185, -1.5357, -1.4843,  ..., -1.5357, -1.5699, -1.5699]],

         [[-0.9678, -1.1078, -1.0553,  ..., -1.4230, -1.4580, -1.4405],
          [-0.6176, -0.8452, -1.0378,  ..., -1.4230, -1.4055, -1.4755],
          [-0.5301, -0.5826, -0.7927,  ..., -1.4755, -1.4055, -1.4580],
          ...,
          [-1.8256, -1.7731, -1.7206,  ..., -1.4755, -1.4755, -1.4230],
          [-1.5280, -1.4230, -1.4230,  ..., -1.4930, -1.4755, -1.4755],
          [-1.3704, -1.3880, -1.3529,  ..., -1.4405, -1.4755, -1.4755]],

         [[-1.0027, -1.1596, -1.0898,  ..., -1.2990, -1.3339, -1.3164],
          [-0.7761, -0.9853, -1.1247,  ..., -1.2990, -1.2816, -1.3513],
          [-0.7413, -0.7587, -0.8981,  ..., -1.3513, -1.2816, -1.3339],
          ...,
          [-1.5081, -1.4733, -1.4210,  ..., -1.1421, -1.1421, -1.1247],
          [-1.2119, -1.1247, -1.1247,  ..., -1.1770, -1.1596, -1.1421],
          [-1.0550, -1.0898, -1.0201,  ..., -1.1247, -1.1421, -1.1596]]],


        ...,


        [[[ 1.4612,  1.4612,  1.4783,  ..., -0.8164, -0.7993, -0.7993],
          [ 1.4783,  1.4783,  1.4783,  ..., -0.7993, -0.7993, -0.7822],
          [ 1.4954,  1.4954,  1.4783,  ..., -0.7822, -0.7822, -0.7650],
          ...,
          [ 0.4679,  0.4679,  0.4679,  ...,  2.2489,  2.2489,  2.2489],
          [ 0.4508,  0.4508,  0.4679,  ...,  2.2489,  2.2489,  2.2489],
          [ 0.4508,  0.4508,  0.4679,  ...,  2.2489,  2.2489,  2.2489]],

         [[ 0.6254,  0.6254,  0.6254,  ..., -1.2829, -1.2654, -1.2654],
          [ 0.6254,  0.6254,  0.6254,  ..., -1.2829, -1.2654, -1.2654],
          [ 0.6254,  0.6254,  0.6254,  ..., -1.2829, -1.2829, -1.2654],
          ...,
          [ 0.0126,  0.0126,  0.0126,  ...,  0.5553,  0.5028,  0.4678],
          [ 0.0126,  0.0126,  0.0126,  ...,  0.5203,  0.4853,  0.4503],
          [-0.0049,  0.0126,  0.0126,  ...,  0.5028,  0.4678,  0.4328]],

         [[-0.6541, -0.6367, -0.6018,  ..., -1.7173, -1.7173, -1.7347],
          [-0.6367, -0.6193, -0.5844,  ..., -1.6999, -1.7173, -1.7347],
          [-0.6193, -0.6018, -0.5495,  ..., -1.6999, -1.7173, -1.7347],
          ...,
          [-0.1661, -0.1661, -0.2010,  ...,  2.2043,  2.1694,  2.1346],
          [-0.1487, -0.1487, -0.1661,  ...,  2.1868,  2.1694,  2.1346],
          [-0.1487, -0.1487, -0.1487,  ...,  2.1868,  2.1694,  2.1346]]],


        [[[ 0.3823,  0.3823,  0.3823,  ...,  0.3994,  0.4166,  0.4166],
          [ 0.3823,  0.3823,  0.3823,  ...,  0.4337,  0.4508,  0.4508],
          [ 0.4166,  0.4166,  0.4166,  ...,  0.4679,  0.4679,  0.4851],
          ...,
          [-0.4054, -0.3883, -0.3883,  ..., -1.0733, -1.1247, -1.1247],
          [-0.4054, -0.4226, -0.4568,  ..., -1.0390, -1.0390, -1.0219],
          [-0.4911, -0.4911, -0.5253,  ..., -1.0562, -1.0048, -0.9877]],

         [[ 1.3431,  1.3431,  1.3431,  ...,  1.5007,  1.5182,  1.5182],
          [ 1.3431,  1.3431,  1.3431,  ...,  1.4832,  1.5007,  1.5007],
          [ 1.3431,  1.3431,  1.3431,  ...,  1.5182,  1.5007,  1.5182],
          ...,
          [-0.4426, -0.4251, -0.4251,  ..., -0.8102, -0.8627, -0.8627],
          [-0.4951, -0.5126, -0.5476,  ..., -0.8102, -0.8102, -0.7927],
          [-0.5826, -0.5826, -0.6001,  ..., -0.7927, -0.7577, -0.7577]],

         [[ 1.8731,  1.8731,  1.8731,  ...,  2.0648,  2.0823,  2.0823],
          [ 1.8731,  1.8731,  1.8731,  ...,  2.0648,  2.0823,  2.0823],
          [ 1.8905,  1.8905,  1.8905,  ...,  2.0300,  2.0300,  2.0474],
          ...,
          [-0.6018, -0.6018, -0.5844,  ..., -0.8807, -0.9330, -0.9330],
          [-0.6541, -0.6715, -0.7064,  ..., -0.8633, -0.8633, -0.8458],
          [-0.7413, -0.7413, -0.7587,  ..., -0.8633, -0.8284, -0.8110]]],


        [[[ 0.0227,  0.0227,  0.0227,  ...,  0.1768,  0.1597,  0.1426],
          [ 0.0227,  0.0227,  0.0227,  ...,  0.1597,  0.1597,  0.1426],
          [ 0.0227,  0.0227,  0.0227,  ...,  0.1426,  0.1426,  0.1426],
          ...,
          [-1.2445, -1.2445, -1.2274,  ..., -1.2617, -1.2617, -1.2445],
          [-1.2617, -1.2617, -1.2445,  ..., -1.2103, -1.1932, -1.1760],
          [-1.2445, -1.2445, -1.2274,  ..., -1.0904, -1.1075, -1.1247]],

         [[ 1.0455,  1.0455,  1.0455,  ...,  1.1681,  1.1506,  1.1155],
          [ 1.0280,  1.0280,  1.0280,  ...,  1.1506,  1.1506,  1.1155],
          [ 1.0280,  1.0280,  1.0280,  ...,  1.1331,  1.1331,  1.1155],
          ...,
          [-0.1099, -0.1099, -0.0924,  ..., -0.0574, -0.0574, -0.0574],
          [-0.1275, -0.1275, -0.1099,  ...,  0.0126,  0.0126,  0.0476],
          [-0.1099, -0.1099, -0.1275,  ...,  0.1176,  0.0826,  0.0651]],

         [[ 1.5594,  1.5594,  1.5594,  ...,  1.6640,  1.6291,  1.6117],
          [ 1.5420,  1.5420,  1.5420,  ...,  1.6291,  1.6291,  1.6117],
          [ 1.5420,  1.5420,  1.5420,  ...,  1.6291,  1.6291,  1.6117],
          ...,
          [ 0.3045,  0.3045,  0.3219,  ...,  0.3393,  0.3393,  0.3742],
          [ 0.2871,  0.2871,  0.3045,  ...,  0.3916,  0.3916,  0.4091],
          [ 0.3393,  0.3393,  0.3219,  ...,  0.4962,  0.4614,  0.4439]]]])
tensor([ 2,  7, 17, 16, 17, 16,  2,  3, 17, 21, 15,  7,  1,  0,  7, 17,  2, 17,
        18,  2,  1, 17, 17, 17,  2,  0,  2,  1, 12, 13,  6, 11,  3, 11, 15, 12,
         2,  1, 12, 11, 21,  1,  8, 17,  6,  1,  1,  2, 15, 22,  1,  7,  5,  2,
         1, 14,  1,  8,  1, 11, 10, 17,  2, 11,  7, 11,  6,  2,  1, 21, 15,  0,
         1,  3,  2, 15,  1,  0, 11,  7,  2, 11, 20, 17, 21, 17,  7, 20,  1,  1,
         0,  1, 15,  0, 17, 17, 18,  2, 11, 17,  1, 16, 21, 18,  0,  5, 20,  6,
         5,  2, 14, 12,  0,  1,  7, 11,  0,  5, 12,  3,  1,  2,  5,  1,  1, 11,
         7,  8])
